current directory: /Users/sameernair-desai/Desktop/IndRes/Workflow/snairdesai.github.io/vendor/bundle/ruby/4.0.0/gems/commonmarker-0.17.13/ext/commonmarker
/opt/homebrew/opt/ruby/bin/ruby extconf.rb
creating Makefile

current directory: /Users/sameernair-desai/Desktop/IndRes/Workflow/snairdesai.github.io/vendor/bundle/ruby/4.0.0/gems/commonmarker-0.17.13/ext/commonmarker
make -j11 DESTDIR\= sitearchdir\=./.gem.20260604-22365-sam6el sitelibdir\=./.gem.20260604-22365-sam6el clean

current directory: /Users/sameernair-desai/Desktop/IndRes/Workflow/snairdesai.github.io/vendor/bundle/ruby/4.0.0/gems/commonmarker-0.17.13/ext/commonmarker
make -j11 DESTDIR\= sitearchdir\=./.gem.20260604-22365-sam6el sitelibdir\=./.gem.20260604-22365-sam6el
compiling arena.c
compiling autolink.c
compiling blocks.c
compiling buffer.c
compiling cmark.c
compiling cmark_ctype.c
compiling commonmark.c
compiling commonmarker.c
compiling core-extensions.c
compiling ext_scanners.c
compiling footnotes.c
blocks.c:1443:5: warning: 'CMARK_DEBUG_NODES' is not defined, evaluates to 0 [-Wundef]
#if CMARK_DEBUG_NODES
    ^
compiling houdini_href_e.c
commonmark.c:409:18: warning: assigning to 'char *' from 'const char[2]' discards qualifiers [-Wincompatible-pointer-types-discards-qualifiers]
      emph_delim = "_";
                 ^ ~~~
commonmark.c:411:18: warning: assigning to 'char *' from 'const char[2]' discards qualifiers [-Wincompatible-pointer-types-discards-qualifiers]
      emph_delim = "*";
                 ^ ~~~
compiling houdini_html_e.c
compiling houdini_html_u.c
compiling html.c
In file included from commonmarker.c:3:
In file included from ./houdini.h:9:
./config.h:8:9: warning: 'HAVE_STDBOOL_H' macro redefined [-Wmacro-redefined]
#define HAVE_STDBOOL_H
        ^
/opt/homebrew/Cellar/ruby/4.0.5/include/ruby-4.0.0/arm64-darwin24/ruby/config.h:45:9: note: previous definition is here
#define HAVE_STDBOOL_H 1
        ^
commonmarker.c:97:9: warning: 'rb_data_object_wrap_warning' is deprecated: by TypedData [-Wdeprecated-declarations]
  val = Data_Wrap_Struct(rb_mNode, rb_mark_c_struct, free_func, node);
        ^
/opt/homebrew/Cellar/ruby/4.0.5/include/ruby-4.0.0/ruby/internal/core/rdata.h:202:5: note: expanded from macro 'Data_Wrap_Struct'
    rb_data_object_wrap(                          \
    ^
/opt/homebrew/Cellar/ruby/4.0.5/include/ruby-4.0.0/ruby/internal/core/rdata.h:366:31: note: expanded from macro 'rb_data_object_wrap'
#define rb_data_object_wrap   RUBY_MACRO_SELECT(rb_data_object_wrap_2, RUBY_UNTYPED_DATA_WARNING)
                              ^
/opt/homebrew/Cellar/ruby/4.0.5/include/ruby-4.0.0/ruby/internal/core/rdata.h:50:35: note: expanded from macro 'RUBY_MACRO_SELECT'
#define RUBY_MACRO_SELECT(x, y)   RBIMPL_MACRO_SELECT(x, y)
                                  ^
/opt/homebrew/Cellar/ruby/4.0.5/include/ruby-4.0.0/ruby/internal/core/rdata.h:49:35: note: expanded from macro 'RBIMPL_MACRO_SELECT'
#define RBIMPL_MACRO_SELECT(x, y) x ## y
                                  ^
<scratch space>:204:1: note: expanded from here
rb_data_object_wrap_1
^
/opt/homebrew/Cellar/ruby/4.0.5/include/ruby-4.0.0/ruby/internal/core/rdata.h:364:31: note: expanded from macro 'rb_data_object_wrap_1'
#define rb_data_object_wrap_1 rb_data_object_wrap_warning
                              ^
/opt/homebrew/Cellar/ruby/4.0.5/include/ruby-4.0.0/ruby/internal/core/rdata.h:280:1: note: 'rb_data_object_wrap_warning' has been explicitly marked deprecated here
RBIMPL_ATTRSET_UNTYPED_DATA_FUNC()
^
/opt/homebrew/Cellar/ruby/4.0.5/include/ruby-4.0.0/ruby/internal/core/rdata.h:47:5: note: expanded from macro 'RBIMPL_ATTRSET_UNTYPED_DATA_FUNC'
    RBIMPL_ATTR_DEPRECATED(("by TypedData"))
    ^
/opt/homebrew/Cellar/ruby/4.0.5/include/ruby-4.0.0/ruby/internal/attr/deprecated.h:36:53: note: expanded from macro 'RBIMPL_ATTR_DEPRECATED'
# define RBIMPL_ATTR_DEPRECATED(msg) __attribute__((__deprecated__ msg))
                                                    ^
commonmarker.c:121:20: warning: implicit conversion loses integer precision: 'long' to 'int' [-Wshorten-64-to-32]
  extensions_len = RARRAY_LEN(rb_extensions);
                 ~ ^~~~~~~~~~~~~~~~~~~~~~~~~
/opt/homebrew/Cellar/ruby/4.0.5/include/ruby-4.0.0/ruby/internal/core/rarray.h:51:36: note: expanded from macro 'RARRAY_LEN'
#define RARRAY_LEN                 rb_array_len                 /**< @alias{rb_array_len} */
                                   ^
commonmarker.c:163:9: warning: implicit conversion loses integer precision: 'long' to 'int' [-Wshorten-64-to-32]
  len = RSTRING_LEN(rb_text);
      ~ ^~~~~~~~~~~~~~~~~~~~
/opt/homebrew/Cellar/ruby/4.0.5/include/ruby-4.0.0/ruby/internal/core/rstring.h:46:27: note: expanded from macro 'RSTRING_LEN'
#define RSTRING_LEN       RSTRING_LEN
                          ^
commonmarker.c:270:12: warning: variable 'options' set but not used [-Wunused-but-set-variable]
  int len, options;
           ^
commonmarker.c:301:3: warning: 'rb_data_object_get_warning' is deprecated: by TypedData [-Wdeprecated-declarations]
  Data_Get_Struct(self, cmark_node, node);
  ^
/opt/homebrew/Cellar/ruby/4.0.5/include/ruby-4.0.0/ruby/internal/core/rdata.h:278:34: note: expanded from macro 'Data_Get_Struct'
    ((sval) = RBIMPL_CAST((type*)rb_data_object_get(obj)))
                                 ^
/opt/homebrew/Cellar/ruby/4.0.5/include/ruby-4.0.0/ruby/internal/core/rdata.h:370:31: note: expanded from macro 'rb_data_object_get'
#define rb_data_object_get    RUBY_MACRO_SELECT(rb_data_object_get_2, RUBY_UNTYPED_DATA_WARNING)
                              ^
/opt/homebrew/Cellar/ruby/4.0.5/include/ruby-4.0.0/ruby/internal/core/rdata.h:50:35: note: expanded from macro 'RUBY_MACRO_SELECT'
#define RUBY_MACRO_SELECT(x, y)   RBIMPL_MACRO_SELECT(x, y)
                                  ^
/opt/homebrew/Cellar/ruby/4.0.5/include/ruby-4.0.0/ruby/internal/core/rdata.h:49:35: note: expanded from macro 'RBIMPL_MACRO_SELECT'
#define RBIMPL_MACRO_SELECT(x, y) x ## y
                                  ^
<scratch space>:205:1: note: expanded from here
rb_data_object_get_1
^
/opt/homebrew/Cellar/ruby/4.0.5/include/ruby-4.0.0/ruby/internal/core/rdata.h:368:31: note: expanded from macro 'rb_data_object_get_1'
#define rb_data_object_get_1  rb_data_object_get_warning
                              ^
/opt/homebrew/Cellar/ruby/4.0.5/include/ruby-4.0.0/ruby/internal/core/rdata.h:317:1: note: 'rb_data_object_get_warning' has been explicitly marked deprecated here
RBIMPL_ATTRSET_UNTYPED_DATA_FUNC()
^
/opt/homebrew/Cellar/ruby/4.0.5/include/ruby-4.0.0/ruby/internal/core/rdata.h:47:5: note: expanded from macro 'RBIMPL_ATTRSET_UNTYPED_DATA_FUNC'
    RBIMPL_ATTR_DEPRECATED(("by TypedData"))
    ^
/opt/homebrew/Cellar/ruby/4.0.5/include/ruby-4.0.0/ruby/internal/attr/deprecated.h:36:53: note: expanded from macro 'RBIMPL_ATTR_DEPRECATED'
# define RBIMPL_ATTR_DEPRECATED(msg) __attribute__((__deprecated__ msg))
                                                    ^
commonmarker.c:323:3: warning: 'rb_data_object_get_warning' is deprecated: by TypedData [-Wdeprecated-declarations]
  Data_Get_Struct(self, cmark_node, node);
  ^
/opt/homebrew/Cellar/ruby/4.0.5/include/ruby-4.0.0/ruby/internal/core/rdata.h:278:34: note: expanded from macro 'Data_Get_Struct'
    ((sval) = RBIMPL_CAST((type*)rb_data_object_get(obj)))
                                 ^
/opt/homebrew/Cellar/ruby/4.0.5/include/ruby-4.0.0/ruby/internal/core/rdata.h:370:31: note: expanded from macro 'rb_data_object_get'
#define rb_data_object_get    RUBY_MACRO_SELECT(rb_data_object_get_2, RUBY_UNTYPED_DATA_WARNING)
                              ^
/opt/homebrew/Cellar/ruby/4.0.5/include/ruby-4.0.0/ruby/internal/core/rdata.h:50:35: note: expanded from macro 'RUBY_MACRO_SELECT'
#define RUBY_MACRO_SELECT(x, y)   RBIMPL_MACRO_SELECT(x, y)
                                  ^
/opt/homebrew/Cellar/ruby/4.0.5/include/ruby-4.0.0/ruby/internal/core/rdata.h:49:35: note: expanded from macro 'RBIMPL_MACRO_SELECT'
#define RBIMPL_MACRO_SELECT(x, y) x ## y
                                  ^
<scratch space>:206:1: note: expanded from here
rb_data_object_get_1
^
/opt/homebrew/Cellar/ruby/4.0.5/include/ruby-4.0.0/ruby/internal/core/rdata.h:368:31: note: expanded from macro 'rb_data_object_get_1'
#define rb_data_object_get_1  rb_data_object_get_warning
                              ^
/opt/homebrew/Cellar/ruby/4.0.5/include/ruby-4.0.0/ruby/internal/core/rdata.h:317:1: note: 'rb_data_object_get_warning' has been explicitly marked deprecated here
RBIMPL_ATTRSET_UNTYPED_DATA_FUNC()
^
/opt/homebrew/Cellar/ruby/4.0.5/include/ruby-4.0.0/ruby/internal/core/rdata.h:47:5: note: expanded from macro 'RBIMPL_ATTRSET_UNTYPED_DATA_FUNC'
    RBIMPL_ATTR_DEPRECATED(("by TypedData"))
    ^
/opt/homebrew/Cellar/ruby/4.0.5/include/ruby-4.0.0/ruby/internal/attr/deprecated.h:36:53: note: expanded from macro 'RBIMPL_ATTR_DEPRECATED'
# define RBIMPL_ATTR_DEPRECATED(msg) __attribute__((__deprecated__ msg))
                                                    ^
commonmarker.c:344:3: warning: 'rb_data_object_get_warning' is deprecated: by TypedData [-Wdeprecated-declarations]
  Data_Get_Struct(self, cmark_node, node);
  ^
/opt/homebrew/Cellar/ruby/4.0.5/include/ruby-4.0.0/ruby/internal/core/rdata.h:278:34: note: expanded from macro 'Data_Get_Struct'
    ((sval) = RBIMPL_CAST((type*)rb_data_object_get(obj)))
                                 ^
/opt/homebrew/Cellar/ruby/4.0.5/include/ruby-4.0.0/ruby/internal/core/rdata.h:370:31: note: expanded from macro 'rb_data_object_get'
#define rb_data_object_get    RUBY_MACRO_SELECT(rb_data_object_get_2, RUBY_UNTYPED_DATA_WARNING)
                              ^
/opt/homebrew/Cellar/ruby/4.0.5/include/ruby-4.0.0/ruby/internal/core/rdata.h:50:35: note: expanded from macro 'RUBY_MACRO_SELECT'
#define RUBY_MACRO_SELECT(x, y)   RBIMPL_MACRO_SELECT(x, y)
                                  ^
/opt/homebrew/Cellar/ruby/4.0.5/include/ruby-4.0.0/ruby/internal/core/rdata.h:49:35: note: expanded from macro 'RBIMPL_MACRO_SELECT'
#define RBIMPL_MACRO_SELECT(x, y) x ## y
                                  ^
<scratch space>:207:1: note: expanded from here
rb_data_object_get_1
^
/opt/homebrew/Cellar/ruby/4.0.5/include/ruby-4.0.0/ruby/internal/core/rdata.h:368:31: note: expanded from macro 'rb_data_object_get_1'
#define rb_data_object_get_1  rb_data_object_get_warning
                              ^
/opt/homebrew/Cellar/ruby/4.0.5/include/ruby-4.0.0/ruby/internal/core/rdata.h:317:1: note: 'rb_data_object_get_warning' has been explicitly marked deprecated here
RBIMPL_ATTRSET_UNTYPED_DATA_FUNC()
^
/opt/homebrew/Cellar/ruby/4.0.5/include/ruby-4.0.0/ruby/internal/core/rdata.h:47:5: note: expanded from macro 'RBIMPL_ATTRSET_UNTYPED_DATA_FUNC'
    RBIMPL_ATTR_DEPRECATED(("by TypedData"))
    ^
/opt/homebrew/Cellar/ruby/4.0.5/include/ruby-4.0.0/ruby/internal/attr/deprecated.h:36:53: note: expanded from macro 'RBIMPL_ATTR_DEPRECATED'
# define RBIMPL_ATTR_DEPRECATED(msg) __attribute__((__deprecated__ msg))
                                                    ^
commonmarker.c:431:3: warning: 'rb_data_object_get_warning' is deprecated: by TypedData [-Wdeprecated-declarations]
  Data_Get_Struct(self, cmark_node, node);
  ^
/opt/homebrew/Cellar/ruby/4.0.5/include/ruby-4.0.0/ruby/internal/core/rdata.h:278:34: note: expanded from macro 'Data_Get_Struct'
    ((sval) = RBIMPL_CAST((type*)rb_data_object_get(obj)))
                                 ^
/opt/homebrew/Cellar/ruby/4.0.5/include/ruby-4.0.0/ruby/internal/core/rdata.h:370:31: note: expanded from macro 'rb_data_object_get'
#define rb_data_object_get    RUBY_MACRO_SELECT(rb_data_object_get_2, RUBY_UNTYPED_DATA_WARNING)
                              ^
/opt/homebrew/Cellar/ruby/4.0.5/include/ruby-4.0.0/ruby/internal/core/rdata.h:50:35: note: expanded from macro 'RUBY_MACRO_SELECT'
#define RUBY_MACRO_SELECT(x, y)   RBIMPL_MACRO_SELECT(x, y)
                                  ^
/opt/homebrew/Cellar/ruby/4.0.5/include/ruby-4.0.0/ruby/internal/core/rdata.h:49:35: note: expanded from macro 'RBIMPL_MACRO_SELECT'
#define RBIMPL_MACRO_SELECT(x, y) x ## y
                                  ^
<scratch space>:208:1: note: expanded from here
rb_data_object_get_1
^
/opt/homebrew/Cellar/ruby/4.0.5/include/ruby-4.0.0/ruby/internal/core/rdata.h:368:31: note: expanded from macro 'rb_data_object_get_1'
#define rb_data_object_get_1  rb_data_object_get_warning
                              ^
/opt/homebrew/Cellar/ruby/4.0.5/include/ruby-4.0.0/ruby/internal/core/rdata.h:317:1: note: 'rb_data_object_get_warning' has been explicitly marked deprecated here
RBIMPL_ATTRSET_UNTYPED_DATA_FUNC()
^
/opt/homebrew/Cellar/ruby/4.0.5/include/ruby-4.0.0/ruby/internal/core/rdata.h:47:5: note: expanded from macro 'RBIMPL_ATTRSET_UNTYPED_DATA_FUNC'
    RBIMPL_ATTR_DEPRECATED(("by TypedData"))
    ^
/opt/homebrew/Cellar/ruby/4.0.5/include/ruby-4.0.0/ruby/internal/attr/deprecated.h:36:53: note: expanded from macro 'RBIMPL_ATTR_DEPRECATED'
# define RBIMPL_ATTR_DEPRECATED(msg) __attribute__((__deprecated__ msg))
                                                    ^
commonmarker.c:454:3: warning: 'rb_data_object_get_warning' is deprecated: by TypedData [-Wdeprecated-declarations]
  Data_Get_Struct(self, cmark_node, node);
  ^
/opt/homebrew/Cellar/ruby/4.0.5/include/ruby-4.0.0/ruby/internal/core/rdata.h:278:34: note: expanded from macro 'Data_Get_Struct'
    ((sval) = RBIMPL_CAST((type*)rb_data_object_get(obj)))
                                 ^
/opt/homebrew/Cellar/ruby/4.0.5/include/ruby-4.0.0/ruby/internal/core/rdata.h:370:31: note: expanded from macro 'rb_data_object_get'
#define rb_data_object_get    RUBY_MACRO_SELECT(rb_data_object_get_2, RUBY_UNTYPED_DATA_WARNING)
                              ^
/opt/homebrew/Cellar/ruby/4.0.5/include/ruby-4.0.0/ruby/internal/core/rdata.h:50:35: note: expanded from macro 'RUBY_MACRO_SELECT'
#define RUBY_MACRO_SELECT(x, y)   RBIMPL_MACRO_SELECT(x, y)
                                  ^
/opt/homebrew/Cellar/ruby/4.0.5/include/ruby-4.0.0/ruby/internal/core/rdata.h:49:35: note: expanded from macro 'RBIMPL_MACRO_SELECT'
#define RBIMPL_MACRO_SELECT(x, y) x ## y
                                  ^
<scratch space>:209:1: note: expanded from here
rb_data_object_get_1
^
/opt/homebrew/Cellar/ruby/4.0.5/include/ruby-4.0.0/ruby/internal/core/rdata.h:368:31: note: expanded from macro 'rb_data_object_get_1'
#define rb_data_object_get_1  rb_data_object_get_warning
                              ^
/opt/homebrew/Cellar/ruby/4.0.5/include/ruby-4.0.0/ruby/internal/core/rdata.h:317:1: note: 'rb_data_object_get_warning' has been explicitly marked deprecated here
RBIMPL_ATTRSET_UNTYPED_DATA_FUNC()
^
/opt/homebrew/Cellar/ruby/4.0.5/include/ruby-4.0.0/ruby/internal/core/rdata.h:47:5: note: expanded from macro 'RBIMPL_ATTRSET_UNTYPED_DATA_FUNC'
    RBIMPL_ATTR_DEPRECATED(("by TypedData"))
    ^
/opt/homebrew/Cellar/ruby/4.0.5/include/ruby-4.0.0/ruby/internal/attr/deprecated.h:36:53: note: expanded from macro 'RBIMPL_ATTR_DEPRECATED'
# define RBIMPL_ATTR_DEPRECATED(msg) __attribute__((__deprecated__ msg))
                                                    ^
commonmarker.c:465:3: warning: 'rb_data_object_get_warning' is deprecated: by TypedData [-Wdeprecated-declarations]
  Data_Get_Struct(self, cmark_node, node);
  ^
/opt/homebrew/Cellar/ruby/4.0.5/include/ruby-4.0.0/ruby/internal/core/rdata.h:278:34: note: expanded from macro 'Data_Get_Struct'
    ((sval) = RBIMPL_CAST((type*)rb_data_object_get(obj)))
                                 ^
/opt/homebrew/Cellar/ruby/4.0.5/include/ruby-4.0.0/ruby/internal/core/rdata.h:370:31: note: expanded from macro 'rb_data_object_get'
#define rb_data_object_get    RUBY_MACRO_SELECT(rb_data_object_get_2, RUBY_UNTYPED_DATA_WARNING)
                              ^
/opt/homebrew/Cellar/ruby/4.0.5/include/ruby-4.0.0/ruby/internal/core/rdata.h:50:35: note: expanded from macro 'RUBY_MACRO_SELECT'
#define RUBY_MACRO_SELECT(x, y)   RBIMPL_MACRO_SELECT(x, y)
                                  ^
/opt/homebrew/Cellar/ruby/4.0.5/include/ruby-4.0.0/ruby/internal/core/rdata.h:49:35: note: expanded from macro 'RBIMPL_MACRO_SELECT'
#define RBIMPL_MACRO_SELECT(x, y) x ## y
                                  ^
<scratch space>:210:1: note: expanded from here
rb_data_object_get_1
^
/opt/homebrew/Cellar/ruby/4.0.5/include/ruby-4.0.0/ruby/internal/core/rdata.h:368:31: note: expanded from macro 'rb_data_object_get_1'
#define rb_data_object_get_1  rb_data_object_get_warning
                              ^
/opt/homebrew/Cellar/ruby/4.0.5/include/ruby-4.0.0/ruby/internal/core/rdata.h:317:1: note: 'rb_data_object_get_warning' has been explicitly marked deprecated here
RBIMPL_ATTRSET_UNTYPED_DATA_FUNC()
^
/opt/homebrew/Cellar/ruby/4.0.5/include/ruby-4.0.0/ruby/internal/core/rdata.h:47:5: note: expanded from macro 'RBIMPL_ATTRSET_UNTYPED_DATA_FUNC'
    RBIMPL_ATTR_DEPRECATED(("by TypedData"))
    ^
/opt/homebrew/Cellar/ruby/4.0.5/include/ruby-4.0.0/ruby/internal/attr/deprecated.h:36:53: note: expanded from macro 'RBIMPL_ATTR_DEPRECATED'
# define RBIMPL_ATTR_DEPRECATED(msg) __attribute__((__deprecated__ msg))
                                                    ^
commonmarker.c:480:3: warning: 'rb_data_object_get_warning' is deprecated: by TypedData [-Wdeprecated-declarations]
  Data_Get_Struct(self, cmark_node, node);
  ^
/opt/homebrew/Cellar/ruby/4.0.5/include/ruby-4.0.0/ruby/internal/core/rdata.h:278:34: note: expanded from macro 'Data_Get_Struct'
    ((sval) = RBIMPL_CAST((type*)rb_data_object_get(obj)))
                                 ^
/opt/homebrew/Cellar/ruby/4.0.5/include/ruby-4.0.0/ruby/internal/core/rdata.h:370:31: note: expanded from macro 'rb_data_object_get'
#define rb_data_object_get    RUBY_MACRO_SELECT(rb_data_object_get_2, RUBY_UNTYPED_DATA_WARNING)
                              ^
/opt/homebrew/Cellar/ruby/4.0.5/include/ruby-4.0.0/ruby/internal/core/rdata.h:50:35: note: expanded from macro 'RUBY_MACRO_SELECT'
#define RUBY_MACRO_SELECT(x, y)   RBIMPL_MACRO_SELECT(x, y)
                                  ^
/opt/homebrew/Cellar/ruby/4.0.5/include/ruby-4.0.0/ruby/internal/core/rdata.h:49:35: note: expanded from macro 'RBIMPL_MACRO_SELECT'
#define RBIMPL_MACRO_SELECT(x, y) x ## y
                                  ^
<scratch space>:211:1: note: expanded from here
rb_data_object_get_1
^
/opt/homebrew/Cellar/ruby/4.0.5/include/ruby-4.0.0/ruby/internal/core/rdata.h:368:31: note: expanded from macro 'rb_data_object_get_1'
#define rb_data_object_get_1  rb_data_object_get_warning
                              ^
/opt/homebrew/Cellar/ruby/4.0.5/include/ruby-4.0.0/ruby/internal/core/rdata.h:317:1: note: 'rb_data_object_get_warning' has been explicitly marked deprecated here
RBIMPL_ATTRSET_UNTYPED_DATA_FUNC()
^
/opt/homebrew/Cellar/ruby/4.0.5/include/ruby-4.0.0/ruby/internal/core/rdata.h:47:5: note: expanded from macro 'RBIMPL_ATTRSET_UNTYPED_DATA_FUNC'
    RBIMPL_ATTR_DEPRECATED(("by TypedData"))
    ^
/opt/homebrew/Cellar/ruby/4.0.5/include/ruby-4.0.0/ruby/internal/attr/deprecated.h:36:53: note: expanded from macro 'RBIMPL_ATTR_DEPRECATED'
# define RBIMPL_ATTR_DEPRECATED(msg) __attribute__((__deprecated__ msg))
                                                    ^
commonmarker.c:493:3: warning: 'rb_data_object_get_warning' is deprecated: by TypedData [-Wdeprecated-declarations]
  Data_Get_Struct(self, cmark_node, node);
  ^
/opt/homebrew/Cellar/ruby/4.0.5/include/ruby-4.0.0/ruby/internal/core/rdata.h:278:34: note: expanded from macro 'Data_Get_Struct'
    ((sval) = RBIMPL_CAST((type*)rb_data_object_get(obj)))
                                 ^
/opt/homebrew/Cellar/ruby/4.0.5/include/ruby-4.0.0/ruby/internal/core/rdata.h:370:31: note: expanded from macro 'rb_data_object_get'
#define rb_data_object_get    RUBY_MACRO_SELECT(rb_data_object_get_2, RUBY_UNTYPED_DATA_WARNING)
                              ^
/opt/homebrew/Cellar/ruby/4.0.5/include/ruby-4.0.0/ruby/internal/core/rdata.h:50:35: note: expanded from macro 'RUBY_MACRO_SELECT'
#define RUBY_MACRO_SELECT(x, y)   RBIMPL_MACRO_SELECT(x, y)
                                  ^
/opt/homebrew/Cellar/ruby/4.0.5/include/ruby-4.0.0/ruby/internal/core/rdata.h:49:35: note: expanded from macro 'RBIMPL_MACRO_SELECT'
#define RBIMPL_MACRO_SELECT(x, y) x ## y
                                  ^
<scratch space>:212:1: note: expanded from here
rb_data_object_get_1
^
/opt/homebrew/Cellar/ruby/4.0.5/include/ruby-4.0.0/ruby/internal/core/rdata.h:368:31: note: expanded from macro 'rb_data_object_get_1'
#define rb_data_object_get_1  rb_data_object_get_warning
                              ^
/opt/homebrew/Cellar/ruby/4.0.5/include/ruby-4.0.0/ruby/internal/core/rdata.h:317:1: note: 'rb_data_object_get_warning' has been explicitly marked deprecated here
RBIMPL_ATTRSET_UNTYPED_DATA_FUNC()
^
/opt/homebrew/Cellar/ruby/4.0.5/include/ruby-4.0.0/ruby/internal/core/rdata.h:47:5: note: expanded from macro 'RBIMPL_ATTRSET_UNTYPED_DATA_FUNC'
    RBIMPL_ATTR_DEPRECATED(("by TypedData"))
    ^
/opt/homebrew/Cellar/ruby/4.0.5/include/ruby-4.0.0/ruby/internal/attr/deprecated.h:36:53: note: expanded from macro 'RBIMPL_ATTR_DEPRECATED'
# define RBIMPL_ATTR_DEPRECATED(msg) __attribute__((__deprecated__ msg))
                                                    ^
commonmarker.c:510:3: warning: 'rb_data_object_get_warning' is deprecated: by TypedData [-Wdeprecated-declarations]
  Data_Get_Struct(self, cmark_node, node1);
  ^
/opt/homebrew/Cellar/ruby/4.0.5/include/ruby-4.0.0/ruby/internal/core/rdata.h:278:34: note: expanded from macro 'Data_Get_Struct'
    ((sval) = RBIMPL_CAST((type*)rb_data_object_get(obj)))
                                 ^
/opt/homebrew/Cellar/ruby/4.0.5/include/ruby-4.0.0/ruby/internal/core/rdata.h:370:31: note: expanded from macro 'rb_data_object_get'
#define rb_data_object_get    RUBY_MACRO_SELECT(rb_data_object_get_2, RUBY_UNTYPED_DATA_WARNING)
                              ^
/opt/homebrew/Cellar/ruby/4.0.5/include/ruby-4.0.0/ruby/internal/core/rdata.h:50:35: note: expanded from macro 'RUBY_MACRO_SELECT'
#define RUBY_MACRO_SELECT(x, y)   RBIMPL_MACRO_SELECT(x, y)
                                  ^
/opt/homebrew/Cellar/ruby/4.0.5/include/ruby-4.0.0/ruby/internal/core/rdata.h:49:35: note: expanded from macro 'RBIMPL_MACRO_SELECT'
#define RBIMPL_MACRO_SELECT(x, y) x ## y
                                  ^
<scratch space>:213:1: note: expanded from here
rb_data_object_get_1
^
/opt/homebrew/Cellar/ruby/4.0.5/include/ruby-4.0.0/ruby/internal/core/rdata.h:368:31: note: expanded from macro 'rb_data_object_get_1'
#define rb_data_object_get_1  rb_data_object_get_warning
                              ^
/opt/homebrew/Cellar/ruby/4.0.5/include/ruby-4.0.0/ruby/internal/core/rdata.h:317:1: note: 'rb_data_object_get_warning' has been explicitly marked deprecated here
RBIMPL_ATTRSET_UNTYPED_DATA_FUNC()
^
/opt/homebrew/Cellar/ruby/4.0.5/include/ruby-4.0.0/ruby/internal/core/rdata.h:47:5: note: expanded from macro 'RBIMPL_ATTRSET_UNTYPED_DATA_FUNC'
    RBIMPL_ATTR_DEPRECATED(("by TypedData"))
    ^
/opt/homebrew/Cellar/ruby/4.0.5/include/ruby-4.0.0/ruby/internal/attr/deprecated.h:36:53: note: expanded from macro 'RBIMPL_ATTR_DEPRECATED'
# define RBIMPL_ATTR_DEPRECATED(msg) __attribute__((__deprecated__ msg))
                                                    ^
commonmarker.c:512:3: warning: 'rb_data_object_get_warning' is deprecated: by TypedData [-Wdeprecated-declarations]
  Data_Get_Struct(sibling, cmark_node, node2);
  ^
/opt/homebrew/Cellar/ruby/4.0.5/include/ruby-4.0.0/ruby/internal/core/rdata.h:278:34: note: expanded from macro 'Data_Get_Struct'
    ((sval) = RBIMPL_CAST((type*)rb_data_object_get(obj)))
                                 ^
/opt/homebrew/Cellar/ruby/4.0.5/include/ruby-4.0.0/ruby/internal/core/rdata.h:370:31: note: expanded from macro 'rb_data_object_get'
#define rb_data_object_get    RUBY_MACRO_SELECT(rb_data_object_get_2, RUBY_UNTYPED_DATA_WARNING)
                              ^
/opt/homebrew/Cellar/ruby/4.0.5/include/ruby-4.0.0/ruby/internal/core/rdata.h:50:35: note: expanded from macro 'RUBY_MACRO_SELECT'
#define RUBY_MACRO_SELECT(x, y)   RBIMPL_MACRO_SELECT(x, y)
                                  ^
/opt/homebrew/Cellar/ruby/4.0.5/include/ruby-4.0.0/ruby/internal/core/rdata.h:49:35: note: expanded from macro 'RBIMPL_MACRO_SELECT'
#define RBIMPL_MACRO_SELECT(x, y) x ## y
                                  ^
<scratch space>:214:1: note: expanded from here
rb_data_object_get_1
^
/opt/homebrew/Cellar/ruby/4.0.5/include/ruby-4.0.0/ruby/internal/core/rdata.h:368:31: note: expanded from macro 'rb_data_object_get_1'
#define rb_data_object_get_1  rb_data_object_get_warning
                              ^
/opt/homebrew/Cellar/ruby/4.0.5/include/ruby-4.0.0/ruby/internal/core/rdata.h:317:1: note: 'rb_data_object_get_warning' has been explicitly marked deprecated here
RBIMPL_ATTRSET_UNTYPED_DATA_FUNC()
^
/opt/homebrew/Cellar/ruby/4.0.5/include/ruby-4.0.0/ruby/internal/core/rdata.h:47:5: note: expanded from macro 'RBIMPL_ATTRSET_UNTYPED_DATA_FUNC'
    RBIMPL_ATTR_DEPRECATED(("by TypedData"))
    ^
/opt/homebrew/Cellar/ruby/4.0.5/include/ruby-4.0.0/ruby/internal/attr/deprecated.h:36:53: note: expanded from macro 'RBIMPL_ATTR_DEPRECATED'
# define RBIMPL_ATTR_DEPRECATED(msg) __attribute__((__deprecated__ msg))
                                                    ^
commonmarker.c:540:3: warning: 'rb_data_object_get_warning' is deprecated: by TypedData [-Wdeprecated-declarations]
  Data_Get_Struct(self, cmark_node, node);
  ^
/opt/homebrew/Cellar/ruby/4.0.5/include/ruby-4.0.0/ruby/internal/core/rdata.h:278:34: note: expanded from macro 'Data_Get_Struct'
    ((sval) = RBIMPL_CAST((type*)rb_data_object_get(obj)))
                                 ^
/opt/homebrew/Cellar/ruby/4.0.5/include/ruby-4.0.0/ruby/internal/core/rdata.h:370:31: note: expanded from macro 'rb_data_object_get'
#define rb_data_object_get    RUBY_MACRO_SELECT(rb_data_object_get_2, RUBY_UNTYPED_DATA_WARNING)
                              ^
/opt/homebrew/Cellar/ruby/4.0.5/include/ruby-4.0.0/ruby/internal/core/rdata.h:50:35: note: expanded from macro 'RUBY_MACRO_SELECT'
#define RUBY_MACRO_SELECT(x, y)   RBIMPL_MACRO_SELECT(x, y)
                                  ^
/opt/homebrew/Cellar/ruby/4.0.5/include/ruby-4.0.0/ruby/internal/core/rdata.h:49:35: note: expanded from macro 'RBIMPL_MACRO_SELECT'
#define RBIMPL_MACRO_SELECT(x, y) x ## y
                                  ^
<scratch space>:215:1: note: expanded from here
rb_data_object_get_1
^
/opt/homebrew/Cellar/ruby/4.0.5/include/ruby-4.0.0/ruby/internal/core/rdata.h:368:31: note: expanded from macro 'rb_data_object_get_1'
#define rb_data_object_get_1  rb_data_object_get_warning
                              ^
/opt/homebrew/Cellar/ruby/4.0.5/include/ruby-4.0.0/ruby/internal/core/rdata.h:317:1: note: 'rb_data_object_get_warning' has been explicitly marked deprecated here
RBIMPL_ATTRSET_UNTYPED_DATA_FUNC()
^
/opt/homebrew/Cellar/ruby/4.0.5/include/ruby-4.0.0/ruby/internal/core/rdata.h:47:5: note: expanded from macro 'RBIMPL_ATTRSET_UNTYPED_DATA_FUNC'
    RBIMPL_ATTR_DEPRECATED(("by TypedData"))
    ^
/opt/homebrew/Cellar/ruby/4.0.5/include/ruby-4.0.0/ruby/internal/attr/deprecated.h:36:53: note: expanded from macro 'RBIMPL_ATTR_DEPRECATED'
# define RBIMPL_ATTR_DEPRECATED(msg) __attribute__((__deprecated__ msg))
                                                    ^
commonmarker.c:538:20: warning: implicit conversion loses integer precision: 'long' to 'int' [-Wshorten-64-to-32]
  extensions_len = RARRAY_LEN(rb_extensions);
                 ~ ^~~~~~~~~~~~~~~~~~~~~~~~~
/opt/homebrew/Cellar/ruby/4.0.5/include/ruby-4.0.0/ruby/internal/core/rarray.h:51:36: note: expanded from macro 'RARRAY_LEN'
#define RARRAY_LEN                 rb_array_len                 /**< @alias{rb_array_len} */
                                   ^
commonmarker.c:589:3: warning: 'rb_data_object_get_warning' is deprecated: by TypedData [-Wdeprecated-declarations]
  Data_Get_Struct(self, cmark_node, node);
  ^
/opt/homebrew/Cellar/ruby/4.0.5/include/ruby-4.0.0/ruby/internal/core/rdata.h:278:34: note: expanded from macro 'Data_Get_Struct'
    ((sval) = RBIMPL_CAST((type*)rb_data_object_get(obj)))
                                 ^
/opt/homebrew/Cellar/ruby/4.0.5/include/ruby-4.0.0/ruby/internal/core/rdata.h:370:31: note: expanded from macro 'rb_data_object_get'
#define rb_data_object_get    RUBY_MACRO_SELECT(rb_data_object_get_2, RUBY_UNTYPED_DATA_WARNING)
                              ^
/opt/homebrew/Cellar/ruby/4.0.5/include/ruby-4.0.0/ruby/internal/core/rdata.h:50:35: note: expanded from macro 'RUBY_MACRO_SELECT'
#define RUBY_MACRO_SELECT(x, y)   RBIMPL_MACRO_SELECT(x, y)
                                  ^
/opt/homebrew/Cellar/ruby/4.0.5/include/ruby-4.0.0/ruby/internal/core/rdata.h:49:35: note: expanded from macro 'RBIMPL_MACRO_SELECT'
#define RBIMPL_MACRO_SELECT(x, y) x ## y
                                  ^
<scratch space>:216:1: note: expanded from here
rb_data_object_get_1
^
/opt/homebrew/Cellar/ruby/4.0.5/include/ruby-4.0.0/ruby/internal/core/rdata.h:368:31: note: expanded from macro 'rb_data_object_get_1'
#define rb_data_object_get_1  rb_data_object_get_warning
                              ^
/opt/homebrew/Cellar/ruby/4.0.5/include/ruby-4.0.0/ruby/internal/core/rdata.h:317:1: note: 'rb_data_object_get_warning' has been explicitly marked deprecated here
RBIMPL_ATTRSET_UNTYPED_DATA_FUNC()
^
/opt/homebrew/Cellar/ruby/4.0.5/include/ruby-4.0.0/ruby/internal/core/rdata.h:47:5: note: expanded from macro 'RBIMPL_ATTRSET_UNTYPED_DATA_FUNC'
    RBIMPL_ATTR_DEPRECATED(("by TypedData"))
    ^
/opt/homebrew/Cellar/ruby/4.0.5/include/ruby-4.0.0/ruby/internal/attr/deprecated.h:36:53: note: expanded from macro 'RBIMPL_ATTR_DEPRECATED'
# define RBIMPL_ATTR_DEPRECATED(msg) __attribute__((__deprecated__ msg))
                                                    ^
commonmarker.c:617:3: warning: 'rb_data_object_get_warning' is deprecated: by TypedData [-Wdeprecated-declarations]
  Data_Get_Struct(self, cmark_node, node);
  ^
/opt/homebrew/Cellar/ruby/4.0.5/include/ruby-4.0.0/ruby/internal/core/rdata.h:278:34: note: expanded from macro 'Data_Get_Struct'
    ((sval) = RBIMPL_CAST((type*)rb_data_object_get(obj)))
                                 ^
/opt/homebrew/Cellar/ruby/4.0.5/include/ruby-4.0.0/ruby/internal/core/rdata.h:370:31: note: expanded from macro 'rb_data_object_get'
#define rb_data_object_get    RUBY_MACRO_SELECT(rb_data_object_get_2, RUBY_UNTYPED_DATA_WARNING)
                              ^
/opt/homebrew/Cellar/ruby/4.0.5/include/ruby-4.0.0/ruby/internal/core/rdata.h:50:35: note: expanded from macro 'RUBY_MACRO_SELECT'
#define RUBY_MACRO_SELECT(x, y)   RBIMPL_MACRO_SELECT(x, y)
                                  ^
/opt/homebrew/Cellar/ruby/4.0.5/include/ruby-4.0.0/ruby/internal/core/rdata.h:49:35: note: expanded from macro 'RBIMPL_MACRO_SELECT'
#define RBIMPL_MACRO_SELECT(x, y) x ## y
                                  ^
<scratch space>:217:1: note: expanded from here
rb_data_object_get_1
^
/opt/homebrew/Cellar/ruby/4.0.5/include/ruby-4.0.0/ruby/internal/core/rdata.h:368:31: note: expanded from macro 'rb_data_object_get_1'
#define rb_data_object_get_1  rb_data_object_get_warning
                              ^
/opt/homebrew/Cellar/ruby/4.0.5/include/ruby-4.0.0/ruby/internal/core/rdata.h:317:1: note: 'rb_data_object_get_warning' has been explicitly marked deprecated here
RBIMPL_ATTRSET_UNTYPED_DATA_FUNC()
^
/opt/homebrew/Cellar/ruby/4.0.5/include/ruby-4.0.0/ruby/internal/core/rdata.h:47:5: note: expanded from macro 'RBIMPL_ATTRSET_UNTYPED_DATA_FUNC'
    RBIMPL_ATTR_DEPRECATED(("by TypedData"))
    ^
/opt/homebrew/Cellar/ruby/4.0.5/include/ruby-4.0.0/ruby/internal/attr/deprecated.h:36:53: note: expanded from macro 'RBIMPL_ATTR_DEPRECATED'
# define RBIMPL_ATTR_DEPRECATED(msg) __attribute__((__deprecated__ msg))
                                                    ^
commonmarker.c:636:3: warning: 'rb_data_object_get_warning' is deprecated: by TypedData [-Wdeprecated-declarations]
  Data_Get_Struct(self, cmark_node, node1);
  ^
/opt/homebrew/Cellar/ruby/4.0.5/include/ruby-4.0.0/ruby/internal/core/rdata.h:278:34: note: expanded from macro 'Data_Get_Struct'
    ((sval) = RBIMPL_CAST((type*)rb_data_object_get(obj)))
                                 ^
/opt/homebrew/Cellar/ruby/4.0.5/include/ruby-4.0.0/ruby/internal/core/rdata.h:370:31: note: expanded from macro 'rb_data_object_get'
#define rb_data_object_get    RUBY_MACRO_SELECT(rb_data_object_get_2, RUBY_UNTYPED_DATA_WARNING)
                              ^
/opt/homebrew/Cellar/ruby/4.0.5/include/ruby-4.0.0/ruby/internal/core/rdata.h:50:35: note: expanded from macro 'RUBY_MACRO_SELECT'
#define RUBY_MACRO_SELECT(x, y)   RBIMPL_MACRO_SELECT(x, y)
                                  ^
/opt/homebrew/Cellar/ruby/4.0.5/include/ruby-4.0.0/ruby/internal/core/rdata.h:49:35: note: expanded from macro 'RBIMPL_MACRO_SELECT'
#define RBIMPL_MACRO_SELECT(x, y) x ## y
                                  ^
<scratch space>:218:1: note: expanded from here
rb_data_object_get_1
^
/opt/homebrew/Cellar/ruby/4.0.5/include/ruby-4.0.0/ruby/internal/core/rdata.h:368:31: note: expanded from macro 'rb_data_object_get_1'
#define rb_data_object_get_1  rb_data_object_get_warning
                              ^
/opt/homebrew/Cellar/ruby/4.0.5/include/ruby-4.0.0/ruby/internal/core/rdata.h:317:1: note: 'rb_data_object_get_warning' has been explicitly marked deprecated here
RBIMPL_ATTRSET_UNTYPED_DATA_FUNC()
^
/opt/homebrew/Cellar/ruby/4.0.5/include/ruby-4.0.0/ruby/internal/core/rdata.h:47:5: note: expanded from macro 'RBIMPL_ATTRSET_UNTYPED_DATA_FUNC'
    RBIMPL_ATTR_DEPRECATED(("by TypedData"))
    ^
/opt/homebrew/Cellar/ruby/4.0.5/include/ruby-4.0.0/ruby/internal/attr/deprecated.h:36:53: note: expanded from macro 'RBIMPL_ATTR_DEPRECATED'
# define RBIMPL_ATTR_DEPRECATED(msg) __attribute__((__deprecated__ msg))
                                                    ^
commonmarker.c:638:3: warning: 'rb_data_object_get_warning' is deprecated: by TypedData [-Wdeprecated-declarations]
  Data_Get_Struct(sibling, cmark_node, node2);
  ^
/opt/homebrew/Cellar/ruby/4.0.5/include/ruby-4.0.0/ruby/internal/core/rdata.h:278:34: note: expanded from macro 'Data_Get_Struct'
    ((sval) = RBIMPL_CAST((type*)rb_data_object_get(obj)))
                                 ^
/opt/homebrew/Cellar/ruby/4.0.5/include/ruby-4.0.0/ruby/internal/core/rdata.h:370:31: note: expanded from macro 'rb_data_object_get'
#define rb_data_object_get    RUBY_MACRO_SELECT(rb_data_object_get_2, RUBY_UNTYPED_DATA_WARNING)
                              ^
/opt/homebrew/Cellar/ruby/4.0.5/include/ruby-4.0.0/ruby/internal/core/rdata.h:50:35: note: expanded from macro 'RUBY_MACRO_SELECT'
#define RUBY_MACRO_SELECT(x, y)   RBIMPL_MACRO_SELECT(x, y)
                                  ^
/opt/homebrew/Cellar/ruby/4.0.5/include/ruby-4.0.0/ruby/internal/core/rdata.h:49:35: note: expanded from macro 'RBIMPL_MACRO_SELECT'
#define RBIMPL_MACRO_SELECT(x, y) x ## y
                                  ^
<scratch space>:219:1: note: expanded from here
rb_data_object_get_1
^
/opt/homebrew/Cellar/ruby/4.0.5/include/ruby-4.0.0/ruby/internal/core/rdata.h:368:31: note: expanded from macro 'rb_data_object_get_1'
#define rb_data_object_get_1  rb_data_object_get_warning
                              ^
/opt/homebrew/Cellar/ruby/4.0.5/include/ruby-4.0.0/ruby/internal/core/rdata.h:317:1: note: 'rb_data_object_get_warning' has been explicitly marked deprecated here
RBIMPL_ATTRSET_UNTYPED_DATA_FUNC()
^
/opt/homebrew/Cellar/ruby/4.0.5/include/ruby-4.0.0/ruby/internal/core/rdata.h:47:5: note: expanded from macro 'RBIMPL_ATTRSET_UNTYPED_DATA_FUNC'
    RBIMPL_ATTR_DEPRECATED(("by TypedData"))
    ^
/opt/homebrew/Cellar/ruby/4.0.5/include/ruby-4.0.0/ruby/internal/attr/deprecated.h:36:53: note: expanded from macro 'RBIMPL_ATTR_DEPRECATED'
# define RBIMPL_ATTR_DEPRECATED(msg) __attribute__((__deprecated__ msg))
                                                    ^
commonmarker.c:659:3: warning: 'rb_data_object_get_warning' is deprecated: by TypedData [-Wdeprecated-declarations]
  Data_Get_Struct(self, cmark_node, node1);
  ^
/opt/homebrew/Cellar/ruby/4.0.5/include/ruby-4.0.0/ruby/internal/core/rdata.h:278:34: note: expanded from macro 'Data_Get_Struct'
    ((sval) = RBIMPL_CAST((type*)rb_data_object_get(obj)))
                                 ^
/opt/homebrew/Cellar/ruby/4.0.5/include/ruby-4.0.0/ruby/internal/core/rdata.h:370:31: note: expanded from macro 'rb_data_object_get'
#define rb_data_object_get    RUBY_MACRO_SELECT(rb_data_object_get_2, RUBY_UNTYPED_DATA_WARNING)
                              ^
/opt/homebrew/Cellar/ruby/4.0.5/include/ruby-4.0.0/ruby/internal/core/rdata.h:50:35: note: expanded from macro 'RUBY_MACRO_SELECT'
#define RUBY_MACRO_SELECT(x, y)   RBIMPL_MACRO_SELECT(x, y)
                                  ^
/opt/homebrew/Cellar/ruby/4.0.5/include/ruby-4.0.0/ruby/internal/core/rdata.h:49:35: note: expanded from macro 'RBIMPL_MACRO_SELECT'
#define RBIMPL_MACRO_SELECT(x, y) x ## y
                                  ^
<scratch space>:220:1: note: expanded from here
rb_data_object_get_1
^
/opt/homebrew/Cellar/ruby/4.0.5/include/ruby-4.0.0/ruby/internal/core/rdata.h:368:31: note: expanded from macro 'rb_data_object_get_1'
#define rb_data_object_get_1  rb_data_object_get_warning
                              ^
/opt/homebrew/Cellar/ruby/4.0.5/include/ruby-4.0.0/ruby/internal/core/rdata.h:317:1: note: 'rb_data_object_get_warning' has been explicitly marked deprecated here
RBIMPL_ATTRSET_UNTYPED_DATA_FUNC()
^
/opt/homebrew/Cellar/ruby/4.0.5/include/ruby-4.0.0/ruby/internal/core/rdata.h:47:5: note: expanded from macro 'RBIMPL_ATTRSET_UNTYPED_DATA_FUNC'
    RBIMPL_ATTR_DEPRECATED(("by TypedData"))
    ^
/opt/homebrew/Cellar/ruby/4.0.5/include/ruby-4.0.0/ruby/internal/attr/deprecated.h:36:53: note: expanded from macro 'RBIMPL_ATTR_DEPRECATED'
# define RBIMPL_ATTR_DEPRECATED(msg) __attribute__((__deprecated__ msg))
                                                    ^
commonmarker.c:661:3: warning: 'rb_data_object_get_warning' is deprecated: by TypedData [-Wdeprecated-declarations]
  Data_Get_Struct(child, cmark_node, node2);
  ^
/opt/homebrew/Cellar/ruby/4.0.5/include/ruby-4.0.0/ruby/internal/core/rdata.h:278:34: note: expanded from macro 'Data_Get_Struct'
    ((sval) = RBIMPL_CAST((type*)rb_data_object_get(obj)))
                                 ^
/opt/homebrew/Cellar/ruby/4.0.5/include/ruby-4.0.0/ruby/internal/core/rdata.h:370:31: note: expanded from macro 'rb_data_object_get'
#define rb_data_object_get    RUBY_MACRO_SELECT(rb_data_object_get_2, RUBY_UNTYPED_DATA_WARNING)
                              ^
/opt/homebrew/Cellar/ruby/4.0.5/include/ruby-4.0.0/ruby/internal/core/rdata.h:50:35: note: expanded from macro 'RUBY_MACRO_SELECT'
#define RUBY_MACRO_SELECT(x, y)   RBIMPL_MACRO_SELECT(x, y)
                                  ^
/opt/homebrew/Cellar/ruby/4.0.5/include/ruby-4.0.0/ruby/internal/core/rdata.h:49:35: note: expanded from macro 'RBIMPL_MACRO_SELECT'
#define RBIMPL_MACRO_SELECT(x, y) x ## y
                                  ^
<scratch space>:221:1: note: expanded from here
rb_data_object_get_1
^
/opt/homebrew/Cellar/ruby/4.0.5/include/ruby-4.0.0/ruby/internal/core/rdata.h:368:31: note: expanded from macro 'rb_data_object_get_1'
#define rb_data_object_get_1  rb_data_object_get_warning
                              ^
/opt/homebrew/Cellar/ruby/4.0.5/include/ruby-4.0.0/ruby/internal/core/rdata.h:317:1: note: 'rb_data_object_get_warning' has been explicitly marked deprecated here
RBIMPL_ATTRSET_UNTYPED_DATA_FUNC()
^
/opt/homebrew/Cellar/ruby/4.0.5/include/ruby-4.0.0/ruby/internal/core/rdata.h:47:5: note: expanded from macro 'RBIMPL_ATTRSET_UNTYPED_DATA_FUNC'
    RBIMPL_ATTR_DEPRECATED(("by TypedData"))
    ^
/opt/homebrew/Cellar/ruby/4.0.5/include/ruby-4.0.0/ruby/internal/attr/deprecated.h:36:53: note: expanded from macro 'RBIMPL_ATTR_DEPRECATED'
# define RBIMPL_ATTR_DEPRECATED(msg) __attribute__((__deprecated__ msg))
                                                    ^
commonmarker.c:682:3: warning: 'rb_data_object_get_warning' is deprecated: by TypedData [-Wdeprecated-declarations]
  Data_Get_Struct(self, cmark_node, node1);
  ^
/opt/homebrew/Cellar/ruby/4.0.5/include/ruby-4.0.0/ruby/internal/core/rdata.h:278:34: note: expanded from macro 'Data_Get_Struct'
    ((sval) = RBIMPL_CAST((type*)rb_data_object_get(obj)))
                                 ^
/opt/homebrew/Cellar/ruby/4.0.5/include/ruby-4.0.0/ruby/internal/core/rdata.h:370:31: note: expanded from macro 'rb_data_object_get'
#define rb_data_object_get    RUBY_MACRO_SELECT(rb_data_object_get_2, RUBY_UNTYPED_DATA_WARNING)
                              ^
/opt/homebrew/Cellar/ruby/4.0.5/include/ruby-4.0.0/ruby/internal/core/rdata.h:50:35: note: expanded from macro 'RUBY_MACRO_SELECT'
#define RUBY_MACRO_SELECT(x, y)   RBIMPL_MACRO_SELECT(x, y)
                                  ^
/opt/homebrew/Cellar/ruby/4.0.5/include/ruby-4.0.0/ruby/internal/core/rdata.h:49:35: note: expanded from macro 'RBIMPL_MACRO_SELECT'
#define RBIMPL_MACRO_SELECT(x, y) x ## y
                                  ^
<scratch space>:222:1: note: expanded from here
rb_data_object_get_1
^
/opt/homebrew/Cellar/ruby/4.0.5/include/ruby-4.0.0/ruby/internal/core/rdata.h:368:31: note: expanded from macro 'rb_data_object_get_1'
#define rb_data_object_get_1  rb_data_object_get_warning
                              ^
/opt/homebrew/Cellar/ruby/4.0.5/include/ruby-4.0.0/ruby/internal/core/rdata.h:317:1: note: 'rb_data_object_get_warning' has been explicitly marked deprecated here
RBIMPL_ATTRSET_UNTYPED_DATA_FUNC()
^
/opt/homebrew/Cellar/ruby/4.0.5/include/ruby-4.0.0/ruby/internal/core/rdata.h:47:5: note: expanded from macro 'RBIMPL_ATTRSET_UNTYPED_DATA_FUNC'
    RBIMPL_ATTR_DEPRECATED(("by TypedData"))
    ^
/opt/homebrew/Cellar/ruby/4.0.5/include/ruby-4.0.0/ruby/internal/attr/deprecated.h:36:53: note: expanded from macro 'RBIMPL_ATTR_DEPRECATED'
# define RBIMPL_ATTR_DEPRECATED(msg) __attribute__((__deprecated__ msg))
                                                    ^
commonmarker.c:684:3: warning: 'rb_data_object_get_warning' is deprecated: by TypedData [-Wdeprecated-declarations]
  Data_Get_Struct(child, cmark_node, node2);
  ^
/opt/homebrew/Cellar/ruby/4.0.5/include/ruby-4.0.0/ruby/internal/core/rdata.h:278:34: note: expanded from macro 'Data_Get_Struct'
    ((sval) = RBIMPL_CAST((type*)rb_data_object_get(obj)))
                                 ^
/opt/homebrew/Cellar/ruby/4.0.5/include/ruby-4.0.0/ruby/internal/core/rdata.h:370:31: note: expanded from macro 'rb_data_object_get'
#define rb_data_object_get    RUBY_MACRO_SELECT(rb_data_object_get_2, RUBY_UNTYPED_DATA_WARNING)
                              ^
/opt/homebrew/Cellar/ruby/4.0.5/include/ruby-4.0.0/ruby/internal/core/rdata.h:50:35: note: expanded from macro 'RUBY_MACRO_SELECT'
#define RUBY_MACRO_SELECT(x, y)   RBIMPL_MACRO_SELECT(x, y)
                                  ^
/opt/homebrew/Cellar/ruby/4.0.5/include/ruby-4.0.0/ruby/internal/core/rdata.h:49:35: note: expanded from macro 'RBIMPL_MACRO_SELECT'
#define RBIMPL_MACRO_SELECT(x, y) x ## y
                                  ^
<scratch space>:223:1: note: expanded from here
rb_data_object_get_1
^
/opt/homebrew/Cellar/ruby/4.0.5/include/ruby-4.0.0/ruby/internal/core/rdata.h:368:31: note: expanded from macro 'rb_data_object_get_1'
#define rb_data_object_get_1  rb_data_object_get_warning
                              ^
/opt/homebrew/Cellar/ruby/4.0.5/include/ruby-4.0.0/ruby/internal/core/rdata.h:317:1: note: 'rb_data_object_get_warning' has been explicitly marked deprecated here
RBIMPL_ATTRSET_UNTYPED_DATA_FUNC()
^
/opt/homebrew/Cellar/ruby/4.0.5/include/ruby-4.0.0/ruby/internal/core/rdata.h:47:5: note: expanded from macro 'RBIMPL_ATTRSET_UNTYPED_DATA_FUNC'
    RBIMPL_ATTR_DEPRECATED(("by TypedData"))
    ^
/opt/homebrew/Cellar/ruby/4.0.5/include/ruby-4.0.0/ruby/internal/attr/deprecated.h:36:53: note: expanded from macro 'RBIMPL_ATTR_DEPRECATED'
# define RBIMPL_ATTR_DEPRECATED(msg) __attribute__((__deprecated__ msg))
                                                    ^
commonmarker.c:701:3: warning: 'rb_data_object_get_warning' is deprecated: by TypedData [-Wdeprecated-declarations]
  Data_Get_Struct(self, cmark_node, node);
  ^
/opt/homebrew/Cellar/ruby/4.0.5/include/ruby-4.0.0/ruby/internal/core/rdata.h:278:34: note: expanded from macro 'Data_Get_Struct'
    ((sval) = RBIMPL_CAST((type*)rb_data_object_get(obj)))
                                 ^
/opt/homebrew/Cellar/ruby/4.0.5/include/ruby-4.0.0/ruby/internal/core/rdata.h:370:31: note: expanded from macro 'rb_data_object_get'
#define rb_data_object_get    RUBY_MACRO_SELECT(rb_data_object_get_2, RUBY_UNTYPED_DATA_WARNING)
                              ^
/opt/homebrew/Cellar/ruby/4.0.5/include/ruby-4.0.0/ruby/internal/core/rdata.h:50:35: note: expanded from macro 'RUBY_MACRO_SELECT'
#define RUBY_MACRO_SELECT(x, y)   RBIMPL_MACRO_SELECT(x, y)
                                  ^
/opt/homebrew/Cellar/ruby/4.0.5/include/ruby-4.0.0/ruby/internal/core/rdata.h:49:35: note: expanded from macro 'RBIMPL_MACRO_SELECT'
#define RBIMPL_MACRO_SELECT(x, y) x ## y
                                  ^
<scratch space>:224:1: note: expanded from here
rb_data_object_get_1
^
/opt/homebrew/Cellar/ruby/4.0.5/include/ruby-4.0.0/ruby/internal/core/rdata.h:368:31: note: expanded from macro 'rb_data_object_get_1'
#define rb_data_object_get_1  rb_data_object_get_warning
                              ^
/opt/homebrew/Cellar/ruby/4.0.5/include/ruby-4.0.0/ruby/internal/core/rdata.h:317:1: note: 'rb_data_object_get_warning' has been explicitly marked deprecated here
RBIMPL_ATTRSET_UNTYPED_DATA_FUNC()
^
/opt/homebrew/Cellar/ruby/4.0.5/include/ruby-4.0.0/ruby/internal/core/rdata.h:47:5: note: expanded from macro 'RBIMPL_ATTRSET_UNTYPED_DATA_FUNC'
    RBIMPL_ATTR_DEPRECATED(("by TypedData"))
    ^
/opt/homebrew/Cellar/ruby/4.0.5/include/ruby-4.0.0/ruby/internal/attr/deprecated.h:36:53: note: expanded from macro 'RBIMPL_ATTR_DEPRECATED'
# define RBIMPL_ATTR_DEPRECATED(msg) __attribute__((__deprecated__ msg))
                                                    ^
commonmarker.c:714:3: warning: 'rb_data_object_get_warning' is deprecated: by TypedData [-Wdeprecated-declarations]
  Data_Get_Struct(self, cmark_node, node);
  ^
/opt/homebrew/Cellar/ruby/4.0.5/include/ruby-4.0.0/ruby/internal/core/rdata.h:278:34: note: expanded from macro 'Data_Get_Struct'
    ((sval) = RBIMPL_CAST((type*)rb_data_object_get(obj)))
                                 ^
/opt/homebrew/Cellar/ruby/4.0.5/include/ruby-4.0.0/ruby/internal/core/rdata.h:370:31: note: expanded from macro 'rb_data_object_get'
#define rb_data_object_get    RUBY_MACRO_SELECT(rb_data_object_get_2, RUBY_UNTYPED_DATA_WARNING)
                              ^
/opt/homebrew/Cellar/ruby/4.0.5/include/ruby-4.0.0/ruby/internal/core/rdata.h:50:35: note: expanded from macro 'RUBY_MACRO_SELECT'
#define RUBY_MACRO_SELECT(x, y)   RBIMPL_MACRO_SELECT(x, y)
                                  ^
/opt/homebrew/Cellar/ruby/4.0.5/include/ruby-4.0.0/ruby/internal/core/rdata.h:49:35: note: expanded from macro 'RBIMPL_MACRO_SELECT'
#define RBIMPL_MACRO_SELECT(x, y) x ## y
                                  ^
<scratch space>:225:1: note: expanded from here
rb_data_object_get_1
^
/opt/homebrew/Cellar/ruby/4.0.5/include/ruby-4.0.0/ruby/internal/core/rdata.h:368:31: note: expanded from macro 'rb_data_object_get_1'
#define rb_data_object_get_1  rb_data_object_get_warning
                              ^
/opt/homebrew/Cellar/ruby/4.0.5/include/ruby-4.0.0/ruby/internal/core/rdata.h:317:1: note: 'rb_data_object_get_warning' has been explicitly marked deprecated here
RBIMPL_ATTRSET_UNTYPED_DATA_FUNC()
^
/opt/homebrew/Cellar/ruby/4.0.5/include/ruby-4.0.0/ruby/internal/core/rdata.h:47:5: note: expanded from macro 'RBIMPL_ATTRSET_UNTYPED_DATA_FUNC'
    RBIMPL_ATTR_DEPRECATED(("by TypedData"))
    ^
/opt/homebrew/Cellar/ruby/4.0.5/include/ruby-4.0.0/ruby/internal/attr/deprecated.h:36:53: note: expanded from macro 'RBIMPL_ATTR_DEPRECATED'
# define RBIMPL_ATTR_DEPRECATED(msg) __attribute__((__deprecated__ msg))
                                                    ^
commonmarker.c:727:3: warning: 'rb_data_object_get_warning' is deprecated: by TypedData [-Wdeprecated-declarations]
  Data_Get_Struct(self, cmark_node, node);
  ^
/opt/homebrew/Cellar/ruby/4.0.5/include/ruby-4.0.0/ruby/internal/core/rdata.h:278:34: note: expanded from macro 'Data_Get_Struct'
    ((sval) = RBIMPL_CAST((type*)rb_data_object_get(obj)))
                                 ^
/opt/homebrew/Cellar/ruby/4.0.5/include/ruby-4.0.0/ruby/internal/core/rdata.h:370:31: note: expanded from macro 'rb_data_object_get'
#define rb_data_object_get    RUBY_MACRO_SELECT(rb_data_object_get_2, RUBY_UNTYPED_DATA_WARNING)
                              ^
/opt/homebrew/Cellar/ruby/4.0.5/include/ruby-4.0.0/ruby/internal/core/rdata.h:50:35: note: expanded from macro 'RUBY_MACRO_SELECT'
#define RUBY_MACRO_SELECT(x, y)   RBIMPL_MACRO_SELECT(x, y)
                                  ^
/opt/homebrew/Cellar/ruby/4.0.5/include/ruby-4.0.0/ruby/internal/core/rdata.h:49:35: note: expanded from macro 'RBIMPL_MACRO_SELECT'
#define RBIMPL_MACRO_SELECT(x, y) x ## y
                                  ^
<scratch space>:226:1: note: expanded from here
rb_data_object_get_1
^
/opt/homebrew/Cellar/ruby/4.0.5/include/ruby-4.0.0/ruby/internal/core/rdata.h:368:31: note: expanded from macro 'rb_data_object_get_1'
#define rb_data_object_get_1  rb_data_object_get_warning
                              ^
/opt/homebrew/Cellar/ruby/4.0.5/include/ruby-4.0.0/ruby/internal/core/rdata.h:317:1: note: 'rb_data_object_get_warning' has been explicitly marked deprecated here
RBIMPL_ATTRSET_UNTYPED_DATA_FUNC()
^
/opt/homebrew/Cellar/ruby/4.0.5/include/ruby-4.0.0/ruby/internal/core/rdata.h:47:5: note: expanded from macro 'RBIMPL_ATTRSET_UNTYPED_DATA_FUNC'
    RBIMPL_ATTR_DEPRECATED(("by TypedData"))
    ^
/opt/homebrew/Cellar/ruby/4.0.5/include/ruby-4.0.0/ruby/internal/attr/deprecated.h:36:53: note: expanded from macro 'RBIMPL_ATTR_DEPRECATED'
# define RBIMPL_ATTR_DEPRECATED(msg) __attribute__((__deprecated__ msg))
                                                    ^
commonmarker.c:743:3: warning: 'rb_data_object_get_warning' is deprecated: by TypedData [-Wdeprecated-declarations]
  Data_Get_Struct(self, cmark_node, node);
  ^
/opt/homebrew/Cellar/ruby/4.0.5/include/ruby-4.0.0/ruby/internal/core/rdata.h:278:34: note: expanded from macro 'Data_Get_Struct'
    ((sval) = RBIMPL_CAST((type*)rb_data_object_get(obj)))
                                 ^
/opt/homebrew/Cellar/ruby/4.0.5/include/ruby-4.0.0/ruby/internal/core/rdata.h:370:31: note: expanded from macro 'rb_data_object_get'
#define rb_data_object_get    RUBY_MACRO_SELECT(rb_data_object_get_2, RUBY_UNTYPED_DATA_WARNING)
                              ^
/opt/homebrew/Cellar/ruby/4.0.5/include/ruby-4.0.0/ruby/internal/core/rdata.h:50:35: note: expanded from macro 'RUBY_MACRO_SELECT'
#define RUBY_MACRO_SELECT(x, y)   RBIMPL_MACRO_SELECT(x, y)
                                  ^
/opt/homebrew/Cellar/ruby/4.0.5/include/ruby-4.0.0/ruby/internal/core/rdata.h:49:35: note: expanded from macro 'RBIMPL_MACRO_SELECT'
#define RBIMPL_MACRO_SELECT(x, y) x ## y
                                  ^
<scratch space>:227:1: note: expanded from here
rb_data_object_get_1
^
/opt/homebrew/Cellar/ruby/4.0.5/include/ruby-4.0.0/ruby/internal/core/rdata.h:368:31: note: expanded from macro 'rb_data_object_get_1'
#define rb_data_object_get_1  rb_data_object_get_warning
                              ^
/opt/homebrew/Cellar/ruby/4.0.5/include/ruby-4.0.0/ruby/internal/core/rdata.h:317:1: note: 'rb_data_object_get_warning' has been explicitly marked deprecated here
RBIMPL_ATTRSET_UNTYPED_DATA_FUNC()
^
/opt/homebrew/Cellar/ruby/4.0.5/include/ruby-4.0.0/ruby/internal/core/rdata.h:47:5: note: expanded from macro 'RBIMPL_ATTRSET_UNTYPED_DATA_FUNC'
    RBIMPL_ATTR_DEPRECATED(("by TypedData"))
    ^
/opt/homebrew/Cellar/ruby/4.0.5/include/ruby-4.0.0/ruby/internal/attr/deprecated.h:36:53: note: expanded from macro 'RBIMPL_ATTR_DEPRECATED'
# define RBIMPL_ATTR_DEPRECATED(msg) __attribute__((__deprecated__ msg))
                                                    ^
commonmarker.c:765:3: warning: 'rb_data_object_get_warning' is deprecated: by TypedData [-Wdeprecated-declarations]
  Data_Get_Struct(self, cmark_node, node);
  ^
/opt/homebrew/Cellar/ruby/4.0.5/include/ruby-4.0.0/ruby/internal/core/rdata.h:278:34: note: expanded from macro 'Data_Get_Struct'
    ((sval) = RBIMPL_CAST((type*)rb_data_object_get(obj)))
                                 ^
/opt/homebrew/Cellar/ruby/4.0.5/include/ruby-4.0.0/ruby/internal/core/rdata.h:370:31: note: expanded from macro 'rb_data_object_get'
#define rb_data_object_get    RUBY_MACRO_SELECT(rb_data_object_get_2, RUBY_UNTYPED_DATA_WARNING)
                              ^
/opt/homebrew/Cellar/ruby/4.0.5/include/ruby-4.0.0/ruby/internal/core/rdata.h:50:35: note: expanded from macro 'RUBY_MACRO_SELECT'
#define RUBY_MACRO_SELECT(x, y)   RBIMPL_MACRO_SELECT(x, y)
                                  ^
/opt/homebrew/Cellar/ruby/4.0.5/include/ruby-4.0.0/ruby/internal/core/rdata.h:49:35: note: expanded from macro 'RBIMPL_MACRO_SELECT'
#define RBIMPL_MACRO_SELECT(x, y) x ## y
                                  ^
<scratch space>:228:1: note: expanded from here
rb_data_object_get_1
^
/opt/homebrew/Cellar/ruby/4.0.5/include/ruby-4.0.0/ruby/internal/core/rdata.h:368:31: note: expanded from macro 'rb_data_object_get_1'
#define rb_data_object_get_1  rb_data_object_get_warning
                              ^
/opt/homebrew/Cellar/ruby/4.0.5/include/ruby-4.0.0/ruby/internal/core/rdata.h:317:1: note: 'rb_data_object_get_warning' has been explicitly marked deprecated here
RBIMPL_ATTRSET_UNTYPED_DATA_FUNC()
^
/opt/homebrew/Cellar/ruby/4.0.5/include/ruby-4.0.0/ruby/internal/core/rdata.h:47:5: note: expanded from macro 'RBIMPL_ATTRSET_UNTYPED_DATA_FUNC'
    RBIMPL_ATTR_DEPRECATED(("by TypedData"))
    ^
/opt/homebrew/Cellar/ruby/4.0.5/include/ruby-4.0.0/ruby/internal/attr/deprecated.h:36:53: note: expanded from macro 'RBIMPL_ATTR_DEPRECATED'
# define RBIMPL_ATTR_DEPRECATED(msg) __attribute__((__deprecated__ msg))
                                                    ^
commonmarker.c:784:3: warning: 'rb_data_object_get_warning' is deprecated: by TypedData [-Wdeprecated-declarations]
  Data_Get_Struct(self, cmark_node, node);
  ^
/opt/homebrew/Cellar/ruby/4.0.5/include/ruby-4.0.0/ruby/internal/core/rdata.h:278:34: note: expanded from macro 'Data_Get_Struct'
    ((sval) = RBIMPL_CAST((type*)rb_data_object_get(obj)))
                                 ^
/opt/homebrew/Cellar/ruby/4.0.5/include/ruby-4.0.0/ruby/internal/core/rdata.h:370:31: note: expanded from macro 'rb_data_object_get'
#define rb_data_object_get    RUBY_MACRO_SELECT(rb_data_object_get_2, RUBY_UNTYPED_DATA_WARNING)
                              ^
/opt/homebrew/Cellar/ruby/4.0.5/include/ruby-4.0.0/ruby/internal/core/rdata.h:50:35: note: expanded from macro 'RUBY_MACRO_SELECT'
#define RUBY_MACRO_SELECT(x, y)   RBIMPL_MACRO_SELECT(x, y)
                                  ^
/opt/homebrew/Cellar/ruby/4.0.5/include/ruby-4.0.0/ruby/internal/core/rdata.h:49:35: note: expanded from macro 'RBIMPL_MACRO_SELECT'
#define RBIMPL_MACRO_SELECT(x, y) x ## y
                                  ^
<scratch space>:229:1: note: expanded from here
rb_data_object_get_1
^
/opt/homebrew/Cellar/ruby/4.0.5/include/ruby-4.0.0/ruby/internal/core/rdata.h:368:31: note: expanded from macro 'rb_data_object_get_1'
#define rb_data_object_get_1  rb_data_object_get_warning
                              ^
/opt/homebrew/Cellar/ruby/4.0.5/include/ruby-4.0.0/ruby/internal/core/rdata.h:317:1: note: 'rb_data_object_get_warning' has been explicitly marked deprecated here
RBIMPL_ATTRSET_UNTYPED_DATA_FUNC()
^
/opt/homebrew/Cellar/ruby/4.0.5/include/ruby-4.0.0/ruby/internal/core/rdata.h:47:5: note: expanded from macro 'RBIMPL_ATTRSET_UNTYPED_DATA_FUNC'
    RBIMPL_ATTR_DEPRECATED(("by TypedData"))
    ^
/opt/homebrew/Cellar/ruby/4.0.5/include/ruby-4.0.0/ruby/internal/attr/deprecated.h:36:53: note: expanded from macro 'RBIMPL_ATTR_DEPRECATED'
# define RBIMPL_ATTR_DEPRECATED(msg) __attribute__((__deprecated__ msg))
                                                    ^
commonmarker.c:806:3: warning: 'rb_data_object_get_warning' is deprecated: by TypedData [-Wdeprecated-declarations]
  Data_Get_Struct(self, cmark_node, node);
  ^
/opt/homebrew/Cellar/ruby/4.0.5/include/ruby-4.0.0/ruby/internal/core/rdata.h:278:34: note: expanded from macro 'Data_Get_Struct'
    ((sval) = RBIMPL_CAST((type*)rb_data_object_get(obj)))
                                 ^
/opt/homebrew/Cellar/ruby/4.0.5/include/ruby-4.0.0/ruby/internal/core/rdata.h:370:31: note: expanded from macro 'rb_data_object_get'
#define rb_data_object_get    RUBY_MACRO_SELECT(rb_data_object_get_2, RUBY_UNTYPED_DATA_WARNING)
                              ^
/opt/homebrew/Cellar/ruby/4.0.5/include/ruby-4.0.0/ruby/internal/core/rdata.h:50:35: note: expanded from macro 'RUBY_MACRO_SELECT'
#define RUBY_MACRO_SELECT(x, y)   RBIMPL_MACRO_SELECT(x, y)
                                  ^
/opt/homebrew/Cellar/ruby/4.0.5/include/ruby-4.0.0/ruby/internal/core/rdata.h:49:35: note: expanded from macro 'RBIMPL_MACRO_SELECT'
#define RBIMPL_MACRO_SELECT(x, y) x ## y
                                  ^
<scratch space>:230:1: note: expanded from here
rb_data_object_get_1
^
/opt/homebrew/Cellar/ruby/4.0.5/include/ruby-4.0.0/ruby/internal/core/rdata.h:368:31: note: expanded from macro 'rb_data_object_get_1'
#define rb_data_object_get_1  rb_data_object_get_warning
                              ^
/opt/homebrew/Cellar/ruby/4.0.5/include/ruby-4.0.0/ruby/internal/core/rdata.h:317:1: note: 'rb_data_object_get_warning' has been explicitly marked deprecated here
RBIMPL_ATTRSET_UNTYPED_DATA_FUNC()
^
/opt/homebrew/Cellar/ruby/4.0.5/include/ruby-4.0.0/ruby/internal/core/rdata.h:47:5: note: expanded from macro 'RBIMPL_ATTRSET_UNTYPED_DATA_FUNC'
    RBIMPL_ATTR_DEPRECATED(("by TypedData"))
    ^
/opt/homebrew/Cellar/ruby/4.0.5/include/ruby-4.0.0/ruby/internal/attr/deprecated.h:36:53: note: expanded from macro 'RBIMPL_ATTR_DEPRECATED'
# define RBIMPL_ATTR_DEPRECATED(msg) __attribute__((__deprecated__ msg))
                                                    ^
commonmarker.c:825:3: warning: 'rb_data_object_get_warning' is deprecated: by TypedData [-Wdeprecated-declarations]
  Data_Get_Struct(self, cmark_node, node);
  ^
/opt/homebrew/Cellar/ruby/4.0.5/include/ruby-4.0.0/ruby/internal/core/rdata.h:278:34: note: expanded from macro 'Data_Get_Struct'
    ((sval) = RBIMPL_CAST((type*)rb_data_object_get(obj)))
                                 ^
/opt/homebrew/Cellar/ruby/4.0.5/include/ruby-4.0.0/ruby/internal/core/rdata.h:370:31: note: expanded from macro 'rb_data_object_get'
#define rb_data_object_get    RUBY_MACRO_SELECT(rb_data_object_get_2, RUBY_UNTYPED_DATA_WARNING)
                              ^
/opt/homebrew/Cellar/ruby/4.0.5/include/ruby-4.0.0/ruby/internal/core/rdata.h:50:35: note: expanded from macro 'RUBY_MACRO_SELECT'
#define RUBY_MACRO_SELECT(x, y)   RBIMPL_MACRO_SELECT(x, y)
                                  ^
/opt/homebrew/Cellar/ruby/4.0.5/include/ruby-4.0.0/ruby/internal/core/rdata.h:49:35: note: expanded from macro 'RBIMPL_MACRO_SELECT'
#define RBIMPL_MACRO_SELECT(x, y) x ## y
                                  ^
<scratch space>:231:1: note: expanded from here
rb_data_object_get_1
^
/opt/homebrew/Cellar/ruby/4.0.5/include/ruby-4.0.0/ruby/internal/core/rdata.h:368:31: note: expanded from macro 'rb_data_object_get_1'
#define rb_data_object_get_1  rb_data_object_get_warning
                              ^
/opt/homebrew/Cellar/ruby/4.0.5/include/ruby-4.0.0/ruby/internal/core/rdata.h:317:1: note: 'rb_data_object_get_warning' has been explicitly marked deprecated here
RBIMPL_ATTRSET_UNTYPED_DATA_FUNC()
^
/opt/homebrew/Cellar/ruby/4.0.5/include/ruby-4.0.0/ruby/internal/core/rdata.h:47:5: note: expanded from macro 'RBIMPL_ATTRSET_UNTYPED_DATA_FUNC'
    RBIMPL_ATTR_DEPRECATED(("by TypedData"))
    ^
/opt/homebrew/Cellar/ruby/4.0.5/include/ruby-4.0.0/ruby/internal/attr/deprecated.h:36:53: note: expanded from macro 'RBIMPL_ATTR_DEPRECATED'
# define RBIMPL_ATTR_DEPRECATED(msg) __attribute__((__deprecated__ msg))
                                                    ^
commonmarker.c:848:3: warning: 'rb_data_object_get_warning' is deprecated: by TypedData [-Wdeprecated-declarations]
  Data_Get_Struct(self, cmark_node, node);
  ^
/opt/homebrew/Cellar/ruby/4.0.5/include/ruby-4.0.0/ruby/internal/core/rdata.h:278:34: note: expanded from macro 'Data_Get_Struct'
    ((sval) = RBIMPL_CAST((type*)rb_data_object_get(obj)))
                                 ^
/opt/homebrew/Cellar/ruby/4.0.5/include/ruby-4.0.0/ruby/internal/core/rdata.h:370:31: note: expanded from macro 'rb_data_object_get'
#define rb_data_object_get    RUBY_MACRO_SELECT(rb_data_object_get_2, RUBY_UNTYPED_DATA_WARNING)
                              ^
/opt/homebrew/Cellar/ruby/4.0.5/include/ruby-4.0.0/ruby/internal/core/rdata.h:50:35: note: expanded from macro 'RUBY_MACRO_SELECT'
#define RUBY_MACRO_SELECT(x, y)   RBIMPL_MACRO_SELECT(x, y)
                                  ^
/opt/homebrew/Cellar/ruby/4.0.5/include/ruby-4.0.0/ruby/internal/core/rdata.h:49:35: note: expanded from macro 'RBIMPL_MACRO_SELECT'
#define RBIMPL_MACRO_SELECT(x, y) x ## y
                                  ^
<scratch space>:232:1: note: expanded from here
rb_data_object_get_1
^
/opt/homebrew/Cellar/ruby/4.0.5/include/ruby-4.0.0/ruby/internal/core/rdata.h:368:31: note: expanded from macro 'rb_data_object_get_1'
#define rb_data_object_get_1  rb_data_object_get_warning
                              ^
/opt/homebrew/Cellar/ruby/4.0.5/include/ruby-4.0.0/ruby/internal/core/rdata.h:317:1: note: 'rb_data_object_get_warning' has been explicitly marked deprecated here
RBIMPL_ATTRSET_UNTYPED_DATA_FUNC()
^
/opt/homebrew/Cellar/ruby/4.0.5/include/ruby-4.0.0/ruby/internal/core/rdata.h:47:5: note: expanded from macro 'RBIMPL_ATTRSET_UNTYPED_DATA_FUNC'
    RBIMPL_ATTR_DEPRECATED(("by TypedData"))
    ^
/opt/homebrew/Cellar/ruby/4.0.5/include/ruby-4.0.0/ruby/internal/attr/deprecated.h:36:53: note: expanded from macro 'RBIMPL_ATTR_DEPRECATED'
# define RBIMPL_ATTR_DEPRECATED(msg) __attribute__((__deprecated__ msg))
                                                    ^
commonmarker.c:868:3: warning: 'rb_data_object_get_warning' is deprecated: by TypedData [-Wdeprecated-declarations]
  Data_Get_Struct(self, cmark_node, node);
  ^
/opt/homebrew/Cellar/ruby/4.0.5/include/ruby-4.0.0/ruby/internal/core/rdata.h:278:34: note: expanded from macro 'Data_Get_Struct'
    ((sval) = RBIMPL_CAST((type*)rb_data_object_get(obj)))
                                 ^
/opt/homebrew/Cellar/ruby/4.0.5/include/ruby-4.0.0/ruby/internal/core/rdata.h:370:31: note: expanded from macro 'rb_data_object_get'
#define rb_data_object_get    RUBY_MACRO_SELECT(rb_data_object_get_2, RUBY_UNTYPED_DATA_WARNING)
                              ^
/opt/homebrew/Cellar/ruby/4.0.5/include/ruby-4.0.0/ruby/internal/core/rdata.h:50:35: note: expanded from macro 'RUBY_MACRO_SELECT'
#define RUBY_MACRO_SELECT(x, y)   RBIMPL_MACRO_SELECT(x, y)
                                  ^
/opt/homebrew/Cellar/ruby/4.0.5/include/ruby-4.0.0/ruby/internal/core/rdata.h:49:35: note: expanded from macro 'RBIMPL_MACRO_SELECT'
#define RBIMPL_MACRO_SELECT(x, y) x ## y
                                  ^
<scratch space>:233:1: note: expanded from here
rb_data_object_get_1
^
/opt/homebrew/Cellar/ruby/4.0.5/include/ruby-4.0.0/ruby/internal/core/rdata.h:368:31: note: expanded from macro 'rb_data_object_get_1'
#define rb_data_object_get_1  rb_data_object_get_warning
                              ^
/opt/homebrew/Cellar/ruby/4.0.5/include/ruby-4.0.0/ruby/internal/core/rdata.h:317:1: note: 'rb_data_object_get_warning' has been explicitly marked deprecated here
RBIMPL_ATTRSET_UNTYPED_DATA_FUNC()
^
/opt/homebrew/Cellar/ruby/4.0.5/include/ruby-4.0.0/ruby/internal/core/rdata.h:47:5: note: expanded from macro 'RBIMPL_ATTRSET_UNTYPED_DATA_FUNC'
    RBIMPL_ATTR_DEPRECATED(("by TypedData"))
    ^
/opt/homebrew/Cellar/ruby/4.0.5/include/ruby-4.0.0/ruby/internal/attr/deprecated.h:36:53: note: expanded from macro 'RBIMPL_ATTR_DEPRECATED'
# define RBIMPL_ATTR_DEPRECATED(msg) __attribute__((__deprecated__ msg))
                                                    ^
commonmarker.c:895:3: warning: 'rb_data_object_get_warning' is deprecated: by TypedData [-Wdeprecated-declarations]
  Data_Get_Struct(self, cmark_node, node);
  ^
/opt/homebrew/Cellar/ruby/4.0.5/include/ruby-4.0.0/ruby/internal/core/rdata.h:278:34: note: expanded from macro 'Data_Get_Struct'
    ((sval) = RBIMPL_CAST((type*)rb_data_object_get(obj)))
                                 ^
/opt/homebrew/Cellar/ruby/4.0.5/include/ruby-4.0.0/ruby/internal/core/rdata.h:370:31: note: expanded from macro 'rb_data_object_get'
#define rb_data_object_get    RUBY_MACRO_SELECT(rb_data_object_get_2, RUBY_UNTYPED_DATA_WARNING)
                              ^
/opt/homebrew/Cellar/ruby/4.0.5/include/ruby-4.0.0/ruby/internal/core/rdata.h:50:35: note: expanded from macro 'RUBY_MACRO_SELECT'
#define RUBY_MACRO_SELECT(x, y)   RBIMPL_MACRO_SELECT(x, y)
                                  ^
/opt/homebrew/Cellar/ruby/4.0.5/include/ruby-4.0.0/ruby/internal/core/rdata.h:49:35: note: expanded from macro 'RBIMPL_MACRO_SELECT'
#define RBIMPL_MACRO_SELECT(x, y) x ## y
                                  ^
<scratch space>:234:1: note: expanded from here
rb_data_object_get_1
^
/opt/homebrew/Cellar/ruby/4.0.5/include/ruby-4.0.0/ruby/internal/core/rdata.h:368:31: note: expanded from macro 'rb_data_object_get_1'
#define rb_data_object_get_1  rb_data_object_get_warning
                              ^
/opt/homebrew/Cellar/ruby/4.0.5/include/ruby-4.0.0/ruby/internal/core/rdata.h:317:1: note: 'rb_data_object_get_warning' has been explicitly marked deprecated here
RBIMPL_ATTRSET_UNTYPED_DATA_FUNC()
^
/opt/homebrew/Cellar/ruby/4.0.5/include/ruby-4.0.0/ruby/internal/core/rdata.h:47:5: note: expanded from macro 'RBIMPL_ATTRSET_UNTYPED_DATA_FUNC'
    RBIMPL_ATTR_DEPRECATED(("by TypedData"))
    ^
/opt/homebrew/Cellar/ruby/4.0.5/include/ruby-4.0.0/ruby/internal/attr/deprecated.h:36:53: note: expanded from macro 'RBIMPL_ATTR_DEPRECATED'
# define RBIMPL_ATTR_DEPRECATED(msg) __attribute__((__deprecated__ msg))
                                                    ^
compiling inlines.c
commonmarker.c:921:3: warning: 'rb_data_object_get_warning' is deprecated: by TypedData [-Wdeprecated-declarations]
  Data_Get_Struct(self, cmark_node, node);
  ^
/opt/homebrew/Cellar/ruby/4.0.5/include/ruby-4.0.0/ruby/internal/core/rdata.h:278:34: note: expanded from macro 'Data_Get_Struct'
    ((sval) = RBIMPL_CAST((type*)rb_data_object_get(obj)))
                                 ^
/opt/homebrew/Cellar/ruby/4.0.5/include/ruby-4.0.0/ruby/internal/core/rdata.h:370:31: note: expanded from macro 'rb_data_object_get'
#define rb_data_object_get    RUBY_MACRO_SELECT(rb_data_object_get_2, RUBY_UNTYPED_DATA_WARNING)
                              ^
/opt/homebrew/Cellar/ruby/4.0.5/include/ruby-4.0.0/ruby/internal/core/rdata.h:50:35: note: expanded from macro 'RUBY_MACRO_SELECT'
#define RUBY_MACRO_SELECT(x, y)   RBIMPL_MACRO_SELECT(x, y)
                                  ^
/opt/homebrew/Cellar/ruby/4.0.5/include/ruby-4.0.0/ruby/internal/core/rdata.h:49:35: note: expanded from macro 'RBIMPL_MACRO_SELECT'
#define RBIMPL_MACRO_SELECT(x, y) x ## y
                                  ^
<scratch space>:235:1: note: expanded from here
rb_data_object_get_1
^
/opt/homebrew/Cellar/ruby/4.0.5/include/ruby-4.0.0/ruby/internal/core/rdata.h:368:31: note: expanded from macro 'rb_data_object_get_1'
#define rb_data_object_get_1  rb_data_object_get_warning
                              ^
/opt/homebrew/Cellar/ruby/4.0.5/include/ruby-4.0.0/ruby/internal/core/rdata.h:317:1: note: 'rb_data_object_get_warning' has been explicitly marked deprecated here
RBIMPL_ATTRSET_UNTYPED_DATA_FUNC()
^
/opt/homebrew/Cellar/ruby/4.0.5/include/ruby-4.0.0/ruby/internal/core/rdata.h:47:5: note: expanded from macro 'RBIMPL_ATTRSET_UNTYPED_DATA_FUNC'
    RBIMPL_ATTR_DEPRECATED(("by TypedData"))
    ^
/opt/homebrew/Cellar/ruby/4.0.5/include/ruby-4.0.0/ruby/internal/attr/deprecated.h:36:53: note: expanded from macro 'RBIMPL_ATTR_DEPRECATED'
# define RBIMPL_ATTR_DEPRECATED(msg) __attribute__((__deprecated__ msg))
                                                    ^
commonmarker.c:945:3: warning: 'rb_data_object_get_warning' is deprecated: by TypedData [-Wdeprecated-declarations]
  Data_Get_Struct(self, cmark_node, node);
  ^
/opt/homebrew/Cellar/ruby/4.0.5/include/ruby-4.0.0/ruby/internal/core/rdata.h:278:34: note: expanded from macro 'Data_Get_Struct'
    ((sval) = RBIMPL_CAST((type*)rb_data_object_get(obj)))
                                 ^
/opt/homebrew/Cellar/ruby/4.0.5/include/ruby-4.0.0/ruby/internal/core/rdata.h:370:31: note: expanded from macro 'rb_data_object_get'
#define rb_data_object_get    RUBY_MACRO_SELECT(rb_data_object_get_2, RUBY_UNTYPED_DATA_WARNING)
                              ^
/opt/homebrew/Cellar/ruby/4.0.5/include/ruby-4.0.0/ruby/internal/core/rdata.h:50:35: note: expanded from macro 'RUBY_MACRO_SELECT'
#define RUBY_MACRO_SELECT(x, y)   RBIMPL_MACRO_SELECT(x, y)
                                  ^
/opt/homebrew/Cellar/ruby/4.0.5/include/ruby-4.0.0/ruby/internal/core/rdata.h:49:35: note: expanded from macro 'RBIMPL_MACRO_SELECT'
#define RBIMPL_MACRO_SELECT(x, y) x ## y
                                  ^
<scratch space>:236:1: note: expanded from here
rb_data_object_get_1
^
/opt/homebrew/Cellar/ruby/4.0.5/include/ruby-4.0.0/ruby/internal/core/rdata.h:368:31: note: expanded from macro 'rb_data_object_get_1'
#define rb_data_object_get_1  rb_data_object_get_warning
                              ^
/opt/homebrew/Cellar/ruby/4.0.5/include/ruby-4.0.0/ruby/internal/core/rdata.h:317:1: note: 'rb_data_object_get_warning' has been explicitly marked deprecated here
RBIMPL_ATTRSET_UNTYPED_DATA_FUNC()
^
/opt/homebrew/Cellar/ruby/4.0.5/include/ruby-4.0.0/ruby/internal/core/rdata.h:47:5: note: expanded from macro 'RBIMPL_ATTRSET_UNTYPED_DATA_FUNC'
    RBIMPL_ATTR_DEPRECATED(("by TypedData"))
    ^
/opt/homebrew/Cellar/ruby/4.0.5/include/ruby-4.0.0/ruby/internal/attr/deprecated.h:36:53: note: expanded from macro 'RBIMPL_ATTR_DEPRECATED'
# define RBIMPL_ATTR_DEPRECATED(msg) __attribute__((__deprecated__ msg))
                                                    ^
commonmarker.c:964:3: warning: 'rb_data_object_get_warning' is deprecated: by TypedData [-Wdeprecated-declarations]
  Data_Get_Struct(self, cmark_node, node);
  ^
/opt/homebrew/Cellar/ruby/4.0.5/include/ruby-4.0.0/ruby/internal/core/rdata.h:278:34: note: expanded from macro 'Data_Get_Struct'
    ((sval) = RBIMPL_CAST((type*)rb_data_object_get(obj)))
                                 ^
/opt/homebrew/Cellar/ruby/4.0.5/include/ruby-4.0.0/ruby/internal/core/rdata.h:370:31: note: expanded from macro 'rb_data_object_get'
#define rb_data_object_get    RUBY_MACRO_SELECT(rb_data_object_get_2, RUBY_UNTYPED_DATA_WARNING)
                              ^
/opt/homebrew/Cellar/ruby/4.0.5/include/ruby-4.0.0/ruby/internal/core/rdata.h:50:35: note: expanded from macro 'RUBY_MACRO_SELECT'
#define RUBY_MACRO_SELECT(x, y)   RBIMPL_MACRO_SELECT(x, y)
                                  ^
/opt/homebrew/Cellar/ruby/4.0.5/include/ruby-4.0.0/ruby/internal/core/rdata.h:49:35: note: expanded from macro 'RBIMPL_MACRO_SELECT'
#define RBIMPL_MACRO_SELECT(x, y) x ## y
                                  ^
<scratch space>:237:1: note: expanded from here
rb_data_object_get_1
^
/opt/homebrew/Cellar/ruby/4.0.5/include/ruby-4.0.0/ruby/internal/core/rdata.h:368:31: note: expanded from macro 'rb_data_object_get_1'
#define rb_data_object_get_1  rb_data_object_get_warning
                              ^
/opt/homebrew/Cellar/ruby/4.0.5/include/ruby-4.0.0/ruby/internal/core/rdata.h:317:1: note: 'rb_data_object_get_warning' has been explicitly marked deprecated here
RBIMPL_ATTRSET_UNTYPED_DATA_FUNC()
^
/opt/homebrew/Cellar/ruby/4.0.5/include/ruby-4.0.0/ruby/internal/core/rdata.h:47:5: note: expanded from macro 'RBIMPL_ATTRSET_UNTYPED_DATA_FUNC'
    RBIMPL_ATTR_DEPRECATED(("by TypedData"))
    ^
/opt/homebrew/Cellar/ruby/4.0.5/include/ruby-4.0.0/ruby/internal/attr/deprecated.h:36:53: note: expanded from macro 'RBIMPL_ATTR_DEPRECATED'
# define RBIMPL_ATTR_DEPRECATED(msg) __attribute__((__deprecated__ msg))
                                                    ^
commonmarker.c:985:3: warning: 'rb_data_object_get_warning' is deprecated: by TypedData [-Wdeprecated-declarations]
  Data_Get_Struct(self, cmark_node, node);
  ^
/opt/homebrew/Cellar/ruby/4.0.5/include/ruby-4.0.0/ruby/internal/core/rdata.h:278:34: note: expanded from macro 'Data_Get_Struct'
    ((sval) = RBIMPL_CAST((type*)rb_data_object_get(obj)))
                                 ^
/opt/homebrew/Cellar/ruby/4.0.5/include/ruby-4.0.0/ruby/internal/core/rdata.h:370:31: note: expanded from macro 'rb_data_object_get'
#define rb_data_object_get    RUBY_MACRO_SELECT(rb_data_object_get_2, RUBY_UNTYPED_DATA_WARNING)
                              ^
/opt/homebrew/Cellar/ruby/4.0.5/include/ruby-4.0.0/ruby/internal/core/rdata.h:50:35: note: expanded from macro 'RUBY_MACRO_SELECT'
#define RUBY_MACRO_SELECT(x, y)   RBIMPL_MACRO_SELECT(x, y)
                                  ^
/opt/homebrew/Cellar/ruby/4.0.5/include/ruby-4.0.0/ruby/internal/core/rdata.h:49:35: note: expanded from macro 'RBIMPL_MACRO_SELECT'
#define RBIMPL_MACRO_SELECT(x, y) x ## y
                                  ^
<scratch space>:238:1: note: expanded from here
rb_data_object_get_1
^
/opt/homebrew/Cellar/ruby/4.0.5/include/ruby-4.0.0/ruby/internal/core/rdata.h:368:31: note: expanded from macro 'rb_data_object_get_1'
#define rb_data_object_get_1  rb_data_object_get_warning
                              ^
/opt/homebrew/Cellar/ruby/4.0.5/include/ruby-4.0.0/ruby/internal/core/rdata.h:317:1: note: 'rb_data_object_get_warning' has been explicitly marked deprecated here
RBIMPL_ATTRSET_UNTYPED_DATA_FUNC()
^
/opt/homebrew/Cellar/ruby/4.0.5/include/ruby-4.0.0/ruby/internal/core/rdata.h:47:5: note: expanded from macro 'RBIMPL_ATTRSET_UNTYPED_DATA_FUNC'
    RBIMPL_ATTR_DEPRECATED(("by TypedData"))
    ^
/opt/homebrew/Cellar/ruby/4.0.5/include/ruby-4.0.0/ruby/internal/attr/deprecated.h:36:53: note: expanded from macro 'RBIMPL_ATTR_DEPRECATED'
# define RBIMPL_ATTR_DEPRECATED(msg) __attribute__((__deprecated__ msg))
                                                    ^
commonmarker.c:1004:3: warning: 'rb_data_object_get_warning' is deprecated: by TypedData [-Wdeprecated-declarations]
  Data_Get_Struct(self, cmark_node, node);
  ^
/opt/homebrew/Cellar/ruby/4.0.5/include/ruby-4.0.0/ruby/internal/core/rdata.h:278:34: note: expanded from macro 'Data_Get_Struct'
    ((sval) = RBIMPL_CAST((type*)rb_data_object_get(obj)))
                                 ^
/opt/homebrew/Cellar/ruby/4.0.5/include/ruby-4.0.0/ruby/internal/core/rdata.h:370:31: note: expanded from macro 'rb_data_object_get'
#define rb_data_object_get    RUBY_MACRO_SELECT(rb_data_object_get_2, RUBY_UNTYPED_DATA_WARNING)
                              ^
/opt/homebrew/Cellar/ruby/4.0.5/include/ruby-4.0.0/ruby/internal/core/rdata.h:50:35: note: expanded from macro 'RUBY_MACRO_SELECT'
#define RUBY_MACRO_SELECT(x, y)   RBIMPL_MACRO_SELECT(x, y)
                                  ^
/opt/homebrew/Cellar/ruby/4.0.5/include/ruby-4.0.0/ruby/internal/core/rdata.h:49:35: note: expanded from macro 'RBIMPL_MACRO_SELECT'
#define RBIMPL_MACRO_SELECT(x, y) x ## y
                                  ^
<scratch space>:239:1: note: expanded from here
rb_data_object_get_1
^
/opt/homebrew/Cellar/ruby/4.0.5/include/ruby-4.0.0/ruby/internal/core/rdata.h:368:31: note: expanded from macro 'rb_data_object_get_1'
#define rb_data_object_get_1  rb_data_object_get_warning
                              ^
/opt/homebrew/Cellar/ruby/4.0.5/include/ruby-4.0.0/ruby/internal/core/rdata.h:317:1: note: 'rb_data_object_get_warning' has been explicitly marked deprecated here
RBIMPL_ATTRSET_UNTYPED_DATA_FUNC()
^
/opt/homebrew/Cellar/ruby/4.0.5/include/ruby-4.0.0/ruby/internal/core/rdata.h:47:5: note: expanded from macro 'RBIMPL_ATTRSET_UNTYPED_DATA_FUNC'
    RBIMPL_ATTR_DEPRECATED(("by TypedData"))
    ^
/opt/homebrew/Cellar/ruby/4.0.5/include/ruby-4.0.0/ruby/internal/attr/deprecated.h:36:53: note: expanded from macro 'RBIMPL_ATTR_DEPRECATED'
# define RBIMPL_ATTR_DEPRECATED(msg) __attribute__((__deprecated__ msg))
                                                    ^
commonmarker.c:1027:3: warning: 'rb_data_object_get_warning' is deprecated: by TypedData [-Wdeprecated-declarations]
  Data_Get_Struct(self, cmark_node, node);
  ^
/opt/homebrew/Cellar/ruby/4.0.5/include/ruby-4.0.0/ruby/internal/core/rdata.h:278:34: note: expanded from macro 'Data_Get_Struct'
    ((sval) = RBIMPL_CAST((type*)rb_data_object_get(obj)))
                                 ^
/opt/homebrew/Cellar/ruby/4.0.5/include/ruby-4.0.0/ruby/internal/core/rdata.h:370:31: note: expanded from macro 'rb_data_object_get'
#define rb_data_object_get    RUBY_MACRO_SELECT(rb_data_object_get_2, RUBY_UNTYPED_DATA_WARNING)
                              ^
/opt/homebrew/Cellar/ruby/4.0.5/include/ruby-4.0.0/ruby/internal/core/rdata.h:50:35: note: expanded from macro 'RUBY_MACRO_SELECT'
#define RUBY_MACRO_SELECT(x, y)   RBIMPL_MACRO_SELECT(x, y)
                                  ^
/opt/homebrew/Cellar/ruby/4.0.5/include/ruby-4.0.0/ruby/internal/core/rdata.h:49:35: note: expanded from macro 'RBIMPL_MACRO_SELECT'
#define RBIMPL_MACRO_SELECT(x, y) x ## y
                                  ^
<scratch space>:240:1: note: expanded from here
rb_data_object_get_1
^
/opt/homebrew/Cellar/ruby/4.0.5/include/ruby-4.0.0/ruby/internal/core/rdata.h:368:31: note: expanded from macro 'rb_data_object_get_1'
#define rb_data_object_get_1  rb_data_object_get_warning
                              ^
/opt/homebrew/Cellar/ruby/4.0.5/include/ruby-4.0.0/ruby/internal/core/rdata.h:317:1: note: 'rb_data_object_get_warning' has been explicitly marked deprecated here
RBIMPL_ATTRSET_UNTYPED_DATA_FUNC()
^
/opt/homebrew/Cellar/ruby/4.0.5/include/ruby-4.0.0/ruby/internal/core/rdata.h:47:5: note: expanded from macro 'RBIMPL_ATTRSET_UNTYPED_DATA_FUNC'
    RBIMPL_ATTR_DEPRECATED(("by TypedData"))
    ^
/opt/homebrew/Cellar/ruby/4.0.5/include/ruby-4.0.0/ruby/internal/attr/deprecated.h:36:53: note: expanded from macro 'RBIMPL_ATTR_DEPRECATED'
# define RBIMPL_ATTR_DEPRECATED(msg) __attribute__((__deprecated__ msg))
                                                    ^
commonmarker.c:1042:3: warning: 'rb_data_object_get_warning' is deprecated: by TypedData [-Wdeprecated-declarations]
  Data_Get_Struct(self, cmark_node, node);
  ^
/opt/homebrew/Cellar/ruby/4.0.5/include/ruby-4.0.0/ruby/internal/core/rdata.h:278:34: note: expanded from macro 'Data_Get_Struct'
    ((sval) = RBIMPL_CAST((type*)rb_data_object_get(obj)))
                                 ^
/opt/homebrew/Cellar/ruby/4.0.5/include/ruby-4.0.0/ruby/internal/core/rdata.h:370:31: note: expanded from macro 'rb_data_object_get'
#define rb_data_object_get    RUBY_MACRO_SELECT(rb_data_object_get_2, RUBY_UNTYPED_DATA_WARNING)
                              ^
/opt/homebrew/Cellar/ruby/4.0.5/include/ruby-4.0.0/ruby/internal/core/rdata.h:50:35: note: expanded from macro 'RUBY_MACRO_SELECT'
#define RUBY_MACRO_SELECT(x, y)   RBIMPL_MACRO_SELECT(x, y)
                                  ^
/opt/homebrew/Cellar/ruby/4.0.5/include/ruby-4.0.0/ruby/internal/core/rdata.h:49:35: note: expanded from macro 'RBIMPL_MACRO_SELECT'
#define RBIMPL_MACRO_SELECT(x, y) x ## y
                                  ^
<scratch space>:241:1: note: expanded from here
rb_data_object_get_1
^
/opt/homebrew/Cellar/ruby/4.0.5/include/ruby-4.0.0/ruby/internal/core/rdata.h:368:31: note: expanded from macro 'rb_data_object_get_1'
#define rb_data_object_get_1  rb_data_object_get_warning
                              ^
/opt/homebrew/Cellar/ruby/4.0.5/include/ruby-4.0.0/ruby/internal/core/rdata.h:317:1: note: 'rb_data_object_get_warning' has been explicitly marked deprecated here
RBIMPL_ATTRSET_UNTYPED_DATA_FUNC()
^
/opt/homebrew/Cellar/ruby/4.0.5/include/ruby-4.0.0/ruby/internal/core/rdata.h:47:5: note: expanded from macro 'RBIMPL_ATTRSET_UNTYPED_DATA_FUNC'
    RBIMPL_ATTR_DEPRECATED(("by TypedData"))
    ^
/opt/homebrew/Cellar/ruby/4.0.5/include/ruby-4.0.0/ruby/internal/attr/deprecated.h:36:53: note: expanded from macro 'RBIMPL_ATTR_DEPRECATED'
# define RBIMPL_ATTR_DEPRECATED(msg) __attribute__((__deprecated__ msg))
                                                    ^
commonmarker.c:1071:3: warning: 'rb_data_object_get_warning' is deprecated: by TypedData [-Wdeprecated-declarations]
  Data_Get_Struct(self, cmark_node, node);
  ^
/opt/homebrew/Cellar/ruby/4.0.5/include/ruby-4.0.0/ruby/internal/core/rdata.h:278:34: note: expanded from macro 'Data_Get_Struct'
    ((sval) = RBIMPL_CAST((type*)rb_data_object_get(obj)))
                                 ^
/opt/homebrew/Cellar/ruby/4.0.5/include/ruby-4.0.0/ruby/internal/core/rdata.h:370:31: note: expanded from macro 'rb_data_object_get'
#define rb_data_object_get    RUBY_MACRO_SELECT(rb_data_object_get_2, RUBY_UNTYPED_DATA_WARNING)
                              ^
/opt/homebrew/Cellar/ruby/4.0.5/include/ruby-4.0.0/ruby/internal/core/rdata.h:50:35: note: expanded from macro 'RUBY_MACRO_SELECT'
#define RUBY_MACRO_SELECT(x, y)   RBIMPL_MACRO_SELECT(x, y)
                                  ^
/opt/homebrew/Cellar/ruby/4.0.5/include/ruby-4.0.0/ruby/internal/core/rdata.h:49:35: note: expanded from macro 'RBIMPL_MACRO_SELECT'
#define RBIMPL_MACRO_SELECT(x, y) x ## y
                                  ^
<scratch space>:242:1: note: expanded from here
rb_data_object_get_1
^
/opt/homebrew/Cellar/ruby/4.0.5/include/ruby-4.0.0/ruby/internal/core/rdata.h:368:31: note: expanded from macro 'rb_data_object_get_1'
#define rb_data_object_get_1  rb_data_object_get_warning
                              ^
/opt/homebrew/Cellar/ruby/4.0.5/include/ruby-4.0.0/ruby/internal/core/rdata.h:317:1: note: 'rb_data_object_get_warning' has been explicitly marked deprecated here
RBIMPL_ATTRSET_UNTYPED_DATA_FUNC()
^
/opt/homebrew/Cellar/ruby/4.0.5/include/ruby-4.0.0/ruby/internal/core/rdata.h:47:5: note: expanded from macro 'RBIMPL_ATTRSET_UNTYPED_DATA_FUNC'
    RBIMPL_ATTR_DEPRECATED(("by TypedData"))
    ^
/opt/homebrew/Cellar/ruby/4.0.5/include/ruby-4.0.0/ruby/internal/attr/deprecated.h:36:53: note: expanded from macro 'RBIMPL_ATTR_DEPRECATED'
# define RBIMPL_ATTR_DEPRECATED(msg) __attribute__((__deprecated__ msg))
                                                    ^
commonmarker.c:1077:27: warning: implicit conversion loses integer precision: 'long' to 'bufsize_t' (aka 'int') [-Wshorten-64-to-32]
                          RSTRING_LEN(rb_text))) {
                          ^~~~~~~~~~~~~~~~~~~~
/opt/homebrew/Cellar/ruby/4.0.5/include/ruby-4.0.0/ruby/internal/core/rstring.h:46:27: note: expanded from macro 'RSTRING_LEN'
#define RSTRING_LEN       RSTRING_LEN
                          ^
commonmarker.c:1091:3: warning: 'rb_data_object_get_warning' is deprecated: by TypedData [-Wdeprecated-declarations]
  Data_Get_Struct(self, cmark_node, node);
  ^
/opt/homebrew/Cellar/ruby/4.0.5/include/ruby-4.0.0/ruby/internal/core/rdata.h:278:34: note: expanded from macro 'Data_Get_Struct'
    ((sval) = RBIMPL_CAST((type*)rb_data_object_get(obj)))
                                 ^
/opt/homebrew/Cellar/ruby/4.0.5/include/ruby-4.0.0/ruby/internal/core/rdata.h:370:31: note: expanded from macro 'rb_data_object_get'
#define rb_data_object_get    RUBY_MACRO_SELECT(rb_data_object_get_2, RUBY_UNTYPED_DATA_WARNING)
                              ^
/opt/homebrew/Cellar/ruby/4.0.5/include/ruby-4.0.0/ruby/internal/core/rdata.h:50:35: note: expanded from macro 'RUBY_MACRO_SELECT'
#define RUBY_MACRO_SELECT(x, y)   RBIMPL_MACRO_SELECT(x, y)
                                  ^
/opt/homebrew/Cellar/ruby/4.0.5/include/ruby-4.0.0/ruby/internal/core/rdata.h:49:35: note: expanded from macro 'RBIMPL_MACRO_SELECT'
#define RBIMPL_MACRO_SELECT(x, y) x ## y
                                  ^
<scratch space>:243:1: note: expanded from here
rb_data_object_get_1
^
/opt/homebrew/Cellar/ruby/4.0.5/include/ruby-4.0.0/ruby/internal/core/rdata.h:368:31: note: expanded from macro 'rb_data_object_get_1'
#define rb_data_object_get_1  rb_data_object_get_warning
                              ^
/opt/homebrew/Cellar/ruby/4.0.5/include/ruby-4.0.0/ruby/internal/core/rdata.h:317:1: note: 'rb_data_object_get_warning' has been explicitly marked deprecated here
RBIMPL_ATTRSET_UNTYPED_DATA_FUNC()
^
/opt/homebrew/Cellar/ruby/4.0.5/include/ruby-4.0.0/ruby/internal/core/rdata.h:47:5: note: expanded from macro 'RBIMPL_ATTRSET_UNTYPED_DATA_FUNC'
    RBIMPL_ATTR_DEPRECATED(("by TypedData"))
    ^
/opt/homebrew/Cellar/ruby/4.0.5/include/ruby-4.0.0/ruby/internal/attr/deprecated.h:36:53: note: expanded from macro 'RBIMPL_ATTR_DEPRECATED'
# define RBIMPL_ATTR_DEPRECATED(msg) __attribute__((__deprecated__ msg))
                                                    ^
commonmarker.c:1097:28: warning: implicit conversion loses integer precision: 'long' to 'bufsize_t' (aka 'int') [-Wshorten-64-to-32]
                           RSTRING_LEN(rb_text), 0)) {
                           ^~~~~~~~~~~~~~~~~~~~
/opt/homebrew/Cellar/ruby/4.0.5/include/ruby-4.0.0/ruby/internal/core/rstring.h:46:27: note: expanded from macro 'RSTRING_LEN'
#define RSTRING_LEN       RSTRING_LEN
                          ^
compiling iterator.c
compiling latex.c
compiling linked_list.c
compiling man.c
2 warnings generated.
compiling map.c
compiling node.c
compiling plaintext.c
compiling plugin.c
compiling references.c
compiling registry.c
compiling render.c
compiling scanners.c
compiling strikethrough.c
compiling syntax_extension.c
compiling table.c
compiling tagfilter.c
compiling utf8.c
compiling xml.c
47 warnings generated.
1 warning generated.
linking shared-object commonmarker/commonmarker.bundle

current directory: /Users/sameernair-desai/Desktop/IndRes/Workflow/snairdesai.github.io/vendor/bundle/ruby/4.0.0/gems/commonmarker-0.17.13/ext/commonmarker
make -j11 DESTDIR\= sitearchdir\=./.gem.20260604-22365-sam6el sitelibdir\=./.gem.20260604-22365-sam6el install
/usr/bin/install -c -m 0755 commonmarker.bundle ./.gem.20260604-22365-sam6el/commonmarker

current directory: /Users/sameernair-desai/Desktop/IndRes/Workflow/snairdesai.github.io/vendor/bundle/ruby/4.0.0/gems/commonmarker-0.17.13/ext/commonmarker
make DESTDIR\= sitearchdir\=./.gem.20260604-22365-sam6el sitelibdir\=./.gem.20260604-22365-sam6el clean
